---
source: polis-layout/tests/m1_gate.rs
assertion_line: 316
expression: "city.snapshot().expect(\"serializes\")"
---
{
  "layout": {
    "format": 3,
    "schema": 1,
    "quantum": 0.001,
    "extent": 4.512,
    "roads": {
      "snap_tolerance": 0.004,
      "nodes": [
        [
          -2.226,
          0.52
        ],
        [
          -2.213,
          -0.513
        ],
        [
          -0.537,
          1.688
        ],
        [
          -0.321,
          -2.191
        ],
        [
          -0.118,
          2.09
        ],
        [
          0.576,
          -2.182
        ],
        [
          0.912,
          2.338
        ],
        [
          1.217,
          -1.819
        ],
        [
          1.828,
          -1.582
        ],
        [
          2.786,
          -1.267
        ],
        [
          2.854,
          2.642
        ],
        [
          4.088,
          1.909
        ]
      ],
      "segments": [
        {
          "from": 0,
          "to": 1,
          "class": "street"
        },
        {
          "from": 0,
          "to": 2,
          "class": "street"
        },
        {
          "from": 1,
          "to": 3,
          "class": "street"
        },
        {
          "from": 2,
          "to": 4,
          "class": "street"
        },
        {
          "from": 2,
          "to": 7,
          "class": "street"
        },
        {
          "from": 3,
          "to": 5,
          "class": "street"
        },
        {
          "from": 4,
          "to": 6,
          "class": "street"
        },
        {
          "from": 4,
          "to": 8,
          "class": "alley"
        },
        {
          "from": 5,
          "to": 7,
          "class": "arterial"
        },
        {
          "from": 6,
          "to": 8,
          "class": "street"
        },
        {
          "from": 6,
          "to": 9,
          "class": "alley"
        },
        {
          "from": 6,
          "to": 10,
          "class": "street"
        },
        {
          "from": 7,
          "to": 8,
          "class": "arterial"
        },
        {
          "from": 8,
          "to": 9,
          "class": "street"
        },
        {
          "from": 9,
          "to": 11,
          "class": "street"
        },
        {
          "from": 10,
          "to": 11,
          "class": "street"
        }
      ]
    },
    "blocks": [
      {
        "id": 0,
        "district": "",
        "boundary": [
          [
            -2.226,
            0.52
          ],
          [
            -2.213,
            -0.513
          ],
          [
            -0.321,
            -2.191
          ],
          [
            0.576,
            -2.182
          ],
          [
            1.217,
            -1.819
          ],
          [
            -0.537,
            1.688
          ]
        ]
      },
      {
        "id": 1,
        "district": "",
        "boundary": [
          [
            -0.118,
            2.09
          ],
          [
            -0.537,
            1.688
          ],
          [
            1.217,
            -1.819
          ],
          [
            1.828,
            -1.582
          ]
        ]
      },
      {
        "id": 2,
        "district": "",
        "boundary": [
          [
            0.912,
            2.338
          ],
          [
            -0.118,
            2.09
          ],
          [
            1.828,
            -1.582
          ]
        ]
      },
      {
        "id": 3,
        "district": "src",
        "boundary": [
          [
            0.912,
            2.338
          ],
          [
            1.828,
            -1.582
          ],
          [
            2.786,
            -1.267
          ]
        ]
      },
      {
        "id": 4,
        "district": "src",
        "boundary": [
          [
            0.912,
            2.338
          ],
          [
            2.786,
            -1.267
          ],
          [
            4.088,
            1.909
          ],
          [
            2.854,
            2.642
          ]
        ]
      }
    ],
    "lots": [
      {
        "id": 0,
        "block": 1,
        "occupant": ".gitattributes",
        "boundary": [
          [
            -0.118,
            2.09
          ],
          [
            -0.537,
            1.688
          ],
          [
            1.217,
            -1.819
          ],
          [
            1.828,
            -1.582
          ]
        ]
      },
      {
        "id": 1,
        "block": 2,
        "occupant": "README.md",
        "boundary": [
          [
            0.912,
            2.338
          ],
          [
            -0.118,
            2.09
          ],
          [
            1.828,
            -1.582
          ]
        ]
      },
      {
        "id": 2,
        "block": 3,
        "occupant": "src/main.rs",
        "boundary": [
          [
            0.912,
            2.338
          ],
          [
            1.828,
            -1.582
          ],
          [
            2.786,
            -1.267
          ]
        ]
      },
      {
        "id": 3,
        "block": 4,
        "occupant": "src/util.rs",
        "boundary": [
          [
            0.912,
            2.338
          ],
          [
            1.428,
            1.345
          ],
          [
            4.062,
            1.845
          ],
          [
            4.088,
            1.909
          ],
          [
            2.854,
            2.642
          ]
        ]
      },
      {
        "id": 4,
        "block": 4,
        "occupant": null,
        "boundary": [
          [
            1.428,
            1.345
          ],
          [
            2.786,
            -1.267
          ],
          [
            4.062,
            1.845
          ]
        ]
      }
    ],
    "buildings": [
      {
        "path": ".gitattributes",
        "lot": 0,
        "height": 1.163,
        "roof": "pitched",
        "rotation": 0.02,
        "footprint": [
          [
            0.318,
            0.12
          ],
          [
            0.451,
            -0.146
          ],
          [
            0.871,
            0.088
          ],
          [
            0.732,
            0.35
          ]
        ]
      },
      {
        "path": "README.md",
        "lot": 1,
        "height": 2.277,
        "roof": "stepped",
        "rotation": -0.064,
        "footprint": [
          [
            0.407,
            1.235
          ],
          [
            1.224,
            -0.307
          ],
          [
            1.442,
            -0.208
          ],
          [
            1.038,
            1.519
          ]
        ]
      },
      {
        "path": "src/main.rs",
        "lot": 2,
        "height": 6.0,
        "roof": "stepped",
        "rotation": -0.041,
        "footprint": [
          [
            1.291,
            0.997
          ],
          [
            1.697,
            -0.741
          ],
          [
            2.295,
            -0.46
          ],
          [
            1.489,
            1.09
          ]
        ]
      },
      {
        "path": "src/util.rs",
        "lot": 3,
        "height": 2.123,
        "roof": "stepped",
        "rotation": -0.056,
        "footprint": [
          [
            1.857,
            1.514
          ],
          [
            2.67,
            1.595
          ],
          [
            3.255,
            1.706
          ],
          [
            3.189,
            2.369
          ],
          [
            2.841,
            2.576
          ],
          [
            1.768,
            2.408
          ]
        ]
      }
    ],
    "districts": [
      {
        "path": "",
        "centre": [
          0.492,
          0.247
        ],
        "blocks": [
          0,
          1,
          2
        ],
        "boundary": [
          [
            -2.226,
            0.52
          ],
          [
            -2.213,
            -0.513
          ],
          [
            -0.321,
            -2.191
          ],
          [
            0.576,
            -2.182
          ],
          [
            1.828,
            -1.582
          ],
          [
            0.912,
            2.338
          ],
          [
            -0.118,
            2.09
          ]
        ]
      },
      {
        "path": "src",
        "centre": [
          1.751,
          0.799
        ],
        "blocks": [
          3,
          4
        ],
        "boundary": [
          [
            0.912,
            2.338
          ],
          [
            1.828,
            -1.582
          ],
          [
            2.786,
            -1.267
          ],
          [
            4.088,
            1.909
          ],
          [
            2.854,
            2.642
          ]
        ]
      }
    ],
    "streets": []
  },
  "terrain": {
    "seed": "0x91d51b0b7c25dbd8",
    "extent": 8.0,
    "octaves": 3,
    "relief": 1.2,
    "districts": 2,
    "digest": "0x7f1b639074e3118a"
  },
  "monuments": [
    {
      "path": "src/main.rs",
      "rank": 0,
      "entry": "main",
      "inbound": 0,
      "top_decile": false
    }
  ],
  "industrial": [],
  "vacancies": [],
  "host_of": [
    [
      "",
      ""
    ],
    [
      "src",
      "src"
    ]
  ],
  "overflow": [],
  "report": {
    "files": 4,
    "buildings": 4,
    "blocks": 5,
    "open_blocks": 0,
    "slivers": 1,
    "lots": 5,
    "empty_lots": 1,
    "massed": 0,
    "overflow": 0,
    "unbuilt": 0,
    "plots": 5,
    "road_nodes": 12,
    "road_segments": 16,
    "components": 1,
    "cycles": 5,
    "junctions": 6,
    "complex_junctions": 2,
    "dangling": 0,
    "crossings": 0,
    "districts": 2,
    "fragmented_districts": 0,
    "fragmented_subtrees": 0,
    "fragmented_packages": 0,
    "shared_faces": 0,
    "faceless_districts": 0,
    "presplit_districts": 0,
    "settled_nonadjacent": 0,
    "settled_on_fringe": 0,
    "relaxed_to_ancestor": 0,
    "relaxed_to_anywhere": 0,
    "detached_placements": 0,
    "unhoused": 0,
    "plots_off_face": 0,
    "empty_cells": 0,
    "age_gradient_x100": 100,
    "monuments": 1,
    "age_ramp": "relative",
    "history_days": 38,
    "old_town_files": 4,
    "core_files": 3,
    "age_equalisation_x100": 59
  }
}
