---
source: polis-layout/tests/m1_gate.rs
expression: "city.snapshot().expect(\"serializes\")"
---
{
  "layout": {
    "format": 3,
    "schema": 1,
    "quantum": 0.001,
    "extent": 1.072,
    "roads": {
      "snap_tolerance": 0.004,
      "nodes": [
        [
          -0.949,
          0.335
        ],
        [
          -0.858,
          -0.579
        ],
        [
          -0.276,
          0.973
        ],
        [
          -0.295,
          -0.946
        ],
        [
          0.087,
          0.102
        ],
        [
          0.232,
          -0.917
        ],
        [
          0.394,
          0.89
        ],
        [
          0.816,
          0.635
        ],
        [
          0.821,
          -0.641
        ],
        [
          0.987,
          0.09
        ]
      ],
      "segments": [
        {
          "from": 0,
          "to": 1,
          "class": "street"
        },
        {
          "from": 0,
          "to": 2,
          "class": "street"
        },
        {
          "from": 1,
          "to": 3,
          "class": "street"
        },
        {
          "from": 1,
          "to": 4,
          "class": "street"
        },
        {
          "from": 2,
          "to": 4,
          "class": "arterial"
        },
        {
          "from": 2,
          "to": 6,
          "class": "street"
        },
        {
          "from": 3,
          "to": 4,
          "class": "street"
        },
        {
          "from": 3,
          "to": 5,
          "class": "street"
        },
        {
          "from": 4,
          "to": 8,
          "class": "street"
        },
        {
          "from": 4,
          "to": 9,
          "class": "street"
        },
        {
          "from": 5,
          "to": 8,
          "class": "street"
        },
        {
          "from": 6,
          "to": 7,
          "class": "street"
        },
        {
          "from": 7,
          "to": 9,
          "class": "arterial"
        },
        {
          "from": 8,
          "to": 9,
          "class": "street"
        }
      ]
    },
    "blocks": [
      {
        "id": 0,
        "district": "",
        "boundary": [
          [
            -0.949,
            0.335
          ],
          [
            -0.858,
            -0.579
          ],
          [
            0.087,
            0.102
          ],
          [
            -0.276,
            0.973
          ]
        ]
      },
      {
        "id": 1,
        "district": "",
        "boundary": [
          [
            -0.858,
            -0.579
          ],
          [
            -0.295,
            -0.946
          ],
          [
            0.087,
            0.102
          ]
        ]
      },
      {
        "id": 2,
        "district": "src",
        "boundary": [
          [
            -0.276,
            0.973
          ],
          [
            0.087,
            0.102
          ],
          [
            0.987,
            0.09
          ],
          [
            0.816,
            0.635
          ],
          [
            0.394,
            0.89
          ]
        ]
      },
      {
        "id": 3,
        "district": "",
        "boundary": [
          [
            0.087,
            0.102
          ],
          [
            -0.295,
            -0.946
          ],
          [
            0.232,
            -0.917
          ],
          [
            0.821,
            -0.641
          ]
        ]
      },
      {
        "id": 4,
        "district": "src",
        "boundary": [
          [
            0.087,
            0.102
          ],
          [
            0.821,
            -0.641
          ],
          [
            0.987,
            0.09
          ]
        ]
      }
    ],
    "lots": [
      {
        "id": 0,
        "block": 0,
        "occupant": "README.md",
        "boundary": [
          [
            -0.949,
            0.335
          ],
          [
            -0.858,
            -0.579
          ],
          [
            0.087,
            0.102
          ],
          [
            -0.276,
            0.973
          ]
        ]
      },
      {
        "id": 1,
        "block": 2,
        "occupant": "src/util.rs",
        "boundary": [
          [
            -0.276,
            0.973
          ],
          [
            0.087,
            0.102
          ],
          [
            0.987,
            0.09
          ],
          [
            0.816,
            0.635
          ],
          [
            0.394,
            0.89
          ]
        ]
      },
      {
        "id": 2,
        "block": 3,
        "occupant": ".gitattributes",
        "boundary": [
          [
            0.087,
            0.102
          ],
          [
            -0.295,
            -0.946
          ],
          [
            0.232,
            -0.917
          ],
          [
            0.821,
            -0.641
          ]
        ]
      },
      {
        "id": 3,
        "block": 4,
        "occupant": "src/main.rs",
        "boundary": [
          [
            0.087,
            0.102
          ],
          [
            0.821,
            -0.641
          ],
          [
            0.987,
            0.09
          ]
        ]
      }
    ],
    "buildings": [
      {
        "path": ".gitattributes",
        "lot": 2,
        "height": 1.0,
        "roof": "pitched",
        "rotation": 0.02,
        "footprint": [
          [
            0.035,
            -0.226
          ],
          [
            -0.125,
            -0.665
          ],
          [
            0.166,
            -0.764
          ],
          [
            0.317,
            -0.323
          ]
        ]
      },
      {
        "path": "README.md",
        "lot": 0,
        "height": 1.0,
        "roof": "stepped",
        "rotation": -0.064,
        "footprint": [
          [
            -0.851,
            -0.005
          ],
          [
            -0.806,
            -0.463
          ],
          [
            0.009,
            0.124
          ],
          [
            -0.127,
            0.45
          ]
        ]
      },
      {
        "path": "src/main.rs",
        "lot": 3,
        "height": 2.5,
        "roof": "stepped",
        "rotation": -0.041,
        "footprint": [
          [
            0.297,
            -0.021
          ],
          [
            0.728,
            -0.457
          ],
          [
            0.816,
            -0.378
          ],
          [
            0.847,
            -0.239
          ],
          [
            0.601,
            0.032
          ],
          [
            0.358,
            0.035
          ]
        ]
      },
      {
        "path": "src/util.rs",
        "lot": 1,
        "height": 1.0,
        "roof": "stepped",
        "rotation": -0.056,
        "footprint": [
          [
            -0.175,
            0.897
          ],
          [
            0.13,
            0.165
          ],
          [
            0.52,
            0.16
          ],
          [
            0.281,
            0.84
          ]
        ]
      }
    ],
    "districts": [
      {
        "path": "",
        "centre": [
          -0.201,
          -0.321
        ],
        "blocks": [
          0,
          1,
          3
        ],
        "boundary": [
          [
            -0.955,
            0.159
          ],
          [
            -0.94,
            -0.509
          ],
          [
            -0.418,
            -0.952
          ],
          [
            0.232,
            -0.917
          ],
          [
            0.822,
            -0.64
          ],
          [
            0.864,
            -0.501
          ],
          [
            -0.903,
            0.546
          ],
          [
            -0.943,
            0.51
          ]
        ]
      },
      {
        "path": "src",
        "centre": [
          0.642,
          0.141
        ],
        "blocks": [
          2,
          4
        ],
        "boundary": [
          [
            0.864,
            -0.501
          ],
          [
            1.015,
            0.0
          ],
          [
            0.816,
            0.635
          ],
          [
            0.551,
            0.843
          ],
          [
            0.237,
            0.937
          ],
          [
            -0.08,
            0.962
          ],
          [
            -0.43,
            0.981
          ],
          [
            -0.903,
            0.546
          ]
        ]
      }
    ],
    "streets": []
  },
  "terrain": {
    "seed": "0x91d51b0b7c25dbd8",
    "extent": 8.0,
    "octaves": 3,
    "relief": 1.2,
    "districts": 2,
    "digest": "0x683ca44f5112d985"
  },
  "monuments": [
    {
      "path": "src/main.rs",
      "rank": 0,
      "entry": "main",
      "inbound": 0,
      "top_decile": false
    }
  ],
  "industrial": [],
  "vacancies": [],
  "host_of": [
    [
      "",
      ""
    ],
    [
      "src",
      "src"
    ]
  ],
  "overflow": [],
  "report": {
    "files": 4,
    "buildings": 4,
    "blocks": 5,
    "open_blocks": 0,
    "slivers": 0,
    "lots": 4,
    "empty_lots": 0,
    "massed": 0,
    "overflow": 0,
    "unbuilt": 0,
    "plots": 5,
    "road_nodes": 10,
    "road_segments": 14,
    "components": 1,
    "cycles": 5,
    "junctions": 6,
    "complex_junctions": 1,
    "dangling": 0,
    "crossings": 0,
    "districts": 2,
    "fragmented_districts": 0,
    "fragmented_subtrees": 0,
    "fragmented_packages": 0,
    "shared_faces": 0,
    "faceless_districts": 0,
    "presplit_districts": 0,
    "settled_nonadjacent": 0,
    "settled_on_fringe": 0,
    "relaxed_to_ancestor": 0,
    "relaxed_to_anywhere": 0,
    "detached_placements": 0,
    "unhoused": 0,
    "plots_off_face": 0,
    "empty_cells": 0,
    "age_gradient_x100": 100,
    "monuments": 1,
    "age_ramp": "relative",
    "history_days": 38,
    "old_town_files": 4
  }
}
