---
source: polis-layout/tests/m1_gate.rs
expression: "city.snapshot().expect(\"serializes\")"
---
{
  "layout": {
    "format": 1,
    "schema": 1,
    "quantum": 0.001,
    "extent": 71.809,
    "roads": {
      "snap_tolerance": 2.0,
      "nodes": [
        [
          0.0,
          0.0
        ],
        [
          6.294,
          3.063
        ],
        [
          -3.774,
          -3.351
        ],
        [
          -9.209,
          -7.763
        ],
        [
          -15.061,
          -11.603
        ],
        [
          -13.851,
          -13.785
        ],
        [
          -9.895,
          0.045
        ],
        [
          -6.989,
          -0.4
        ],
        [
          5.199,
          9.977
        ],
        [
          4.324,
          16.922
        ],
        [
          2.147,
          22.778
        ],
        [
          9.07,
          -3.363
        ],
        [
          13.21,
          -9.007
        ],
        [
          16.327,
          -15.275
        ],
        [
          16.905,
          -19.415
        ],
        [
          10.037,
          -18.345
        ],
        [
          5.926,
          -18.421
        ],
        [
          8.164,
          -13.859
        ],
        [
          -16.873,
          0.604
        ],
        [
          -23.233,
          3.528
        ],
        [
          -29.869,
          5.756
        ],
        [
          -33.09,
          7.801
        ],
        [
          -18.205,
          7.615
        ],
        [
          -20.093,
          9.196
        ],
        [
          -24.074,
          9.683
        ],
        [
          11.324,
          16.936
        ],
        [
          18.319,
          17.212
        ],
        [
          25.294,
          16.628
        ],
        [
          30.69,
          19.285
        ],
        [
          25.343,
          9.766
        ],
        [
          23.154,
          10.108
        ],
        [
          26.797,
          13.468
        ],
        [
          -10.114,
          -19.704
        ],
        [
          -9.347,
          -26.662
        ],
        [
          -12.279,
          -33.018
        ],
        [
          -21.097,
          16.018
        ],
        [
          -21.076,
          23.018
        ],
        [
          -17.907,
          29.26
        ],
        [
          -19.305,
          32.019
        ],
        [
          -11.708,
          26.007
        ],
        [
          -9.465,
          25.961
        ],
        [
          -13.148,
          28.689
        ],
        [
          -14.148,
          24.02
        ],
        [
          23.867,
          -20.145
        ],
        [
          30.592,
          -18.205
        ],
        [
          37.554,
          -17.477
        ],
        [
          39.602,
          -15.301
        ],
        [
          -34.404,
          0.423
        ],
        [
          -38.817,
          -5.01
        ],
        [
          -40.339,
          -11.843
        ],
        [
          -38.594,
          -14.566
        ],
        [
          27.824,
          25.672
        ],
        [
          27.366,
          32.657
        ],
        [
          24.644,
          39.106
        ],
        [
          22.541,
          41.804
        ],
        [
          23.017,
          28.562
        ],
        [
          24.957,
          26.084
        ],
        [
          22.964,
          22.449
        ],
        [
          17.818,
          -26.355
        ],
        [
          15.483,
          -32.954
        ],
        [
          14.439,
          -39.876
        ],
        [
          14.681,
          -46.872
        ],
        [
          -27.863,
          24.732
        ],
        [
          -34.36,
          27.336
        ],
        [
          -26.117,
          30.405
        ],
        [
          -32.928,
          28.791
        ],
        [
          -36.166,
          28.336
        ],
        [
          36.001,
          14.725
        ],
        [
          42.956,
          13.936
        ],
        [
          49.144,
          10.664
        ],
        [
          48.325,
          6.107
        ],
        [
          -19.087,
          -34.646
        ],
        [
          -25.843,
          -36.48
        ],
        [
          -28.839,
          -38.848
        ],
        [
          -30.653,
          -31.394
        ],
        [
          -31.84,
          -27.896
        ],
        [
          -27.421,
          -31.993
        ],
        [
          -27.899,
          -34.305
        ],
        [
          -25.224,
          -31.279
        ],
        [
          42.68,
          1.967
        ],
        [
          37.938,
          -1.512
        ],
        [
          40.468,
          -8.355
        ],
        [
          37.777,
          -10.481
        ],
        [
          41.3,
          -4.432
        ]
      ],
      "segments": [
        {
          "from": 0,
          "to": 1,
          "class": "street"
        },
        {
          "from": 0,
          "to": 2,
          "class": "street"
        },
        {
          "from": 2,
          "to": 3,
          "class": "street"
        },
        {
          "from": 3,
          "to": 4,
          "class": "arterial"
        },
        {
          "from": 4,
          "to": 5,
          "class": "street"
        },
        {
          "from": 2,
          "to": 6,
          "class": "arterial"
        },
        {
          "from": 3,
          "to": 6,
          "class": "arterial"
        },
        {
          "from": 0,
          "to": 7,
          "class": "arterial"
        },
        {
          "from": 7,
          "to": 6,
          "class": "street"
        },
        {
          "from": 1,
          "to": 8,
          "class": "arterial"
        },
        {
          "from": 8,
          "to": 9,
          "class": "street"
        },
        {
          "from": 9,
          "to": 10,
          "class": "street"
        },
        {
          "from": 1,
          "to": 11,
          "class": "street"
        },
        {
          "from": 11,
          "to": 12,
          "class": "arterial"
        },
        {
          "from": 12,
          "to": 13,
          "class": "street"
        },
        {
          "from": 13,
          "to": 14,
          "class": "street"
        },
        {
          "from": 13,
          "to": 15,
          "class": "street"
        },
        {
          "from": 15,
          "to": 16,
          "class": "street"
        },
        {
          "from": 12,
          "to": 17,
          "class": "street"
        },
        {
          "from": 17,
          "to": 16,
          "class": "street"
        },
        {
          "from": 14,
          "to": 15,
          "class": "street"
        },
        {
          "from": 6,
          "to": 18,
          "class": "street"
        },
        {
          "from": 18,
          "to": 19,
          "class": "arterial"
        },
        {
          "from": 19,
          "to": 20,
          "class": "street"
        },
        {
          "from": 20,
          "to": 21,
          "class": "street"
        },
        {
          "from": 19,
          "to": 22,
          "class": "street"
        },
        {
          "from": 22,
          "to": 23,
          "class": "street"
        },
        {
          "from": 18,
          "to": 22,
          "class": "arterial"
        },
        {
          "from": 20,
          "to": 24,
          "class": "street"
        },
        {
          "from": 24,
          "to": 23,
          "class": "street"
        },
        {
          "from": 9,
          "to": 25,
          "class": "street"
        },
        {
          "from": 25,
          "to": 26,
          "class": "arterial"
        },
        {
          "from": 26,
          "to": 27,
          "class": "street"
        },
        {
          "from": 27,
          "to": 28,
          "class": "street"
        },
        {
          "from": 27,
          "to": 31,
          "class": "street"
        },
        {
          "from": 29,
          "to": 30,
          "class": "street"
        },
        {
          "from": 26,
          "to": 30,
          "class": "street"
        },
        {
          "from": 28,
          "to": 31,
          "class": "street"
        },
        {
          "from": 31,
          "to": 30,
          "class": "street"
        },
        {
          "from": 31,
          "to": 29,
          "class": "street"
        },
        {
          "from": 5,
          "to": 32,
          "class": "street"
        },
        {
          "from": 32,
          "to": 33,
          "class": "arterial"
        },
        {
          "from": 33,
          "to": 34,
          "class": "street"
        },
        {
          "from": 24,
          "to": 35,
          "class": "street"
        },
        {
          "from": 35,
          "to": 36,
          "class": "arterial"
        },
        {
          "from": 36,
          "to": 37,
          "class": "street"
        },
        {
          "from": 37,
          "to": 38,
          "class": "street"
        },
        {
          "from": 37,
          "to": 39,
          "class": "street"
        },
        {
          "from": 39,
          "to": 40,
          "class": "street"
        },
        {
          "from": 38,
          "to": 41,
          "class": "street"
        },
        {
          "from": 41,
          "to": 40,
          "class": "street"
        },
        {
          "from": 36,
          "to": 42,
          "class": "street"
        },
        {
          "from": 42,
          "to": 40,
          "class": "street"
        },
        {
          "from": 14,
          "to": 43,
          "class": "arterial"
        },
        {
          "from": 43,
          "to": 44,
          "class": "street"
        },
        {
          "from": 44,
          "to": 45,
          "class": "street"
        },
        {
          "from": 45,
          "to": 46,
          "class": "street"
        },
        {
          "from": 20,
          "to": 47,
          "class": "street"
        },
        {
          "from": 47,
          "to": 48,
          "class": "arterial"
        },
        {
          "from": 48,
          "to": 49,
          "class": "street"
        },
        {
          "from": 49,
          "to": 50,
          "class": "street"
        },
        {
          "from": 28,
          "to": 51,
          "class": "arterial"
        },
        {
          "from": 51,
          "to": 52,
          "class": "street"
        },
        {
          "from": 52,
          "to": 53,
          "class": "street"
        },
        {
          "from": 53,
          "to": 54,
          "class": "street"
        },
        {
          "from": 51,
          "to": 56,
          "class": "street"
        },
        {
          "from": 52,
          "to": 56,
          "class": "street"
        },
        {
          "from": 56,
          "to": 55,
          "class": "street"
        },
        {
          "from": 26,
          "to": 57,
          "class": "arterial"
        },
        {
          "from": 57,
          "to": 56,
          "class": "street"
        },
        {
          "from": 14,
          "to": 58,
          "class": "street"
        },
        {
          "from": 58,
          "to": 59,
          "class": "street"
        },
        {
          "from": 59,
          "to": 60,
          "class": "arterial"
        },
        {
          "from": 60,
          "to": 61,
          "class": "street"
        },
        {
          "from": 36,
          "to": 62,
          "class": "arterial"
        },
        {
          "from": 62,
          "to": 63,
          "class": "street"
        },
        {
          "from": 38,
          "to": 64,
          "class": "street"
        },
        {
          "from": 64,
          "to": 65,
          "class": "arterial"
        },
        {
          "from": 65,
          "to": 66,
          "class": "street"
        },
        {
          "from": 28,
          "to": 67,
          "class": "street"
        },
        {
          "from": 67,
          "to": 68,
          "class": "arterial"
        },
        {
          "from": 68,
          "to": 69,
          "class": "street"
        },
        {
          "from": 69,
          "to": 70,
          "class": "street"
        },
        {
          "from": 34,
          "to": 71,
          "class": "street"
        },
        {
          "from": 71,
          "to": 72,
          "class": "arterial"
        },
        {
          "from": 72,
          "to": 73,
          "class": "street"
        },
        {
          "from": 72,
          "to": 77,
          "class": "street"
        },
        {
          "from": 74,
          "to": 75,
          "class": "street"
        },
        {
          "from": 73,
          "to": 77,
          "class": "street"
        },
        {
          "from": 77,
          "to": 76,
          "class": "street"
        },
        {
          "from": 77,
          "to": 74,
          "class": "street"
        },
        {
          "from": 76,
          "to": 75,
          "class": "street"
        },
        {
          "from": 71,
          "to": 78,
          "class": "arterial"
        },
        {
          "from": 78,
          "to": 75,
          "class": "street"
        },
        {
          "from": 70,
          "to": 79,
          "class": "street"
        },
        {
          "from": 79,
          "to": 80,
          "class": "street"
        },
        {
          "from": 46,
          "to": 81,
          "class": "street"
        },
        {
          "from": 81,
          "to": 80,
          "class": "arterial"
        },
        {
          "from": 45,
          "to": 82,
          "class": "street"
        },
        {
          "from": 82,
          "to": 81,
          "class": "street"
        },
        {
          "from": 81,
          "to": 83,
          "class": "arterial"
        },
        {
          "from": 83,
          "to": 80,
          "class": "street"
        }
      ]
    },
    "blocks": [
      {
        "id": 0,
        "district": "",
        "boundary": [
          [
            0.0,
            0.0
          ],
          [
            -6.989,
            -0.4
          ],
          [
            -9.895,
            0.045
          ],
          [
            -3.774,
            -3.351
          ]
        ]
      },
      {
        "id": 1,
        "district": "src/café",
        "boundary": [
          [
            6.294,
            3.063
          ],
          [
            9.07,
            -3.363
          ],
          [
            13.21,
            -9.007
          ],
          [
            16.327,
            -15.275
          ],
          [
            16.905,
            -19.415
          ],
          [
            23.867,
            -20.145
          ],
          [
            30.592,
            -18.205
          ],
          [
            37.554,
            -17.477
          ],
          [
            37.777,
            -10.481
          ],
          [
            40.468,
            -8.355
          ],
          [
            37.938,
            -1.512
          ],
          [
            48.325,
            6.107
          ],
          [
            49.144,
            10.664
          ],
          [
            42.956,
            13.936
          ],
          [
            36.001,
            14.725
          ],
          [
            30.69,
            19.285
          ],
          [
            26.797,
            13.468
          ],
          [
            25.343,
            9.766
          ],
          [
            23.154,
            10.108
          ],
          [
            18.319,
            17.212
          ],
          [
            11.324,
            16.936
          ],
          [
            4.324,
            16.922
          ],
          [
            5.199,
            9.977
          ]
        ]
      },
      {
        "id": 2,
        "district": "",
        "boundary": [
          [
            -3.774,
            -3.351
          ],
          [
            -9.895,
            0.045
          ],
          [
            -9.209,
            -7.763
          ]
        ]
      },
      {
        "id": 3,
        "district": "src/net",
        "boundary": [
          [
            13.21,
            -9.007
          ],
          [
            8.164,
            -13.859
          ],
          [
            5.926,
            -18.421
          ],
          [
            10.037,
            -18.345
          ],
          [
            16.327,
            -15.275
          ]
        ]
      },
      {
        "id": 4,
        "district": "src/net",
        "boundary": [
          [
            16.327,
            -15.275
          ],
          [
            10.037,
            -18.345
          ],
          [
            16.905,
            -19.415
          ]
        ]
      },
      {
        "id": 5,
        "district": "docs",
        "boundary": [
          [
            -16.873,
            0.604
          ],
          [
            -18.205,
            7.615
          ],
          [
            -23.233,
            3.528
          ]
        ]
      },
      {
        "id": 6,
        "district": "docs",
        "boundary": [
          [
            -23.233,
            3.528
          ],
          [
            -18.205,
            7.615
          ],
          [
            -20.093,
            9.196
          ],
          [
            -24.074,
            9.683
          ],
          [
            -29.869,
            5.756
          ]
        ]
      },
      {
        "id": 7,
        "district": "src/café",
        "boundary": [
          [
            18.319,
            17.212
          ],
          [
            25.294,
            16.628
          ],
          [
            30.69,
            19.285
          ],
          [
            27.824,
            25.672
          ],
          [
            24.957,
            26.084
          ],
          [
            22.964,
            22.449
          ]
        ]
      },
      {
        "id": 8,
        "district": "src/café",
        "boundary": [
          [
            18.319,
            17.212
          ],
          [
            23.154,
            10.108
          ],
          [
            26.797,
            13.468
          ],
          [
            25.294,
            16.628
          ]
        ]
      },
      {
        "id": 9,
        "district": "src/café",
        "boundary": [
          [
            25.294,
            16.628
          ],
          [
            26.797,
            13.468
          ],
          [
            30.69,
            19.285
          ]
        ]
      },
      {
        "id": 10,
        "district": "src/café",
        "boundary": [
          [
            25.343,
            9.766
          ],
          [
            26.797,
            13.468
          ],
          [
            23.154,
            10.108
          ]
        ]
      },
      {
        "id": 11,
        "district": "src/auth/providers/oauth",
        "boundary": [
          [
            -21.076,
            23.018
          ],
          [
            -14.148,
            24.02
          ],
          [
            -9.465,
            25.961
          ],
          [
            -11.708,
            26.007
          ],
          [
            -17.907,
            29.26
          ]
        ]
      },
      {
        "id": 12,
        "district": "src/auth/providers/oauth",
        "boundary": [
          [
            -17.907,
            29.26
          ],
          [
            -11.708,
            26.007
          ],
          [
            -9.465,
            25.961
          ],
          [
            -13.148,
            28.689
          ],
          [
            -19.305,
            32.019
          ]
        ]
      },
      {
        "id": 13,
        "district": "tests",
        "boundary": [
          [
            37.554,
            -17.477
          ],
          [
            39.602,
            -15.301
          ],
          [
            40.468,
            -8.355
          ],
          [
            37.777,
            -10.481
          ]
        ]
      },
      {
        "id": 14,
        "district": "vendor/leftpad",
        "boundary": [
          [
            27.824,
            25.672
          ],
          [
            27.366,
            32.657
          ],
          [
            24.957,
            26.084
          ]
        ]
      },
      {
        "id": 15,
        "district": "src/ui/components",
        "boundary": [
          [
            -19.087,
            -34.646
          ],
          [
            -25.224,
            -31.279
          ],
          [
            -31.84,
            -27.896
          ],
          [
            -27.421,
            -31.993
          ],
          [
            -27.899,
            -34.305
          ],
          [
            -25.843,
            -36.48
          ]
        ]
      },
      {
        "id": 16,
        "district": "src/ui/components",
        "boundary": [
          [
            -25.843,
            -36.48
          ],
          [
            -27.899,
            -34.305
          ],
          [
            -28.839,
            -38.848
          ]
        ]
      },
      {
        "id": 17,
        "district": "src/ui/components",
        "boundary": [
          [
            -30.653,
            -31.394
          ],
          [
            -27.899,
            -34.305
          ],
          [
            -27.421,
            -31.993
          ],
          [
            -31.84,
            -27.896
          ]
        ]
      },
      {
        "id": 18,
        "district": "src/ui",
        "boundary": [
          [
            37.938,
            -1.512
          ],
          [
            40.468,
            -8.355
          ],
          [
            41.3,
            -4.432
          ]
        ]
      }
    ],
    "lots": [
      {
        "id": 0,
        "block": 0,
        "occupant": "README.md",
        "boundary": [
          [
            -4.878,
            -0.279
          ],
          [
            -6.989,
            -0.4
          ],
          [
            -9.895,
            0.045
          ],
          [
            -5.921,
            -2.16
          ]
        ]
      },
      {
        "id": 1,
        "block": 0,
        "occupant": "src/auth/tokens.rs",
        "boundary": [
          [
            0.0,
            0.0
          ],
          [
            -3.848,
            -0.22
          ],
          [
            -2.261,
            -2.007
          ]
        ]
      },
      {
        "id": 2,
        "block": 0,
        "occupant": "src/auth/session.rs",
        "boundary": [
          [
            -3.848,
            -0.22
          ],
          [
            -4.878,
            -0.279
          ],
          [
            -5.921,
            -2.16
          ],
          [
            -4.627,
            -2.878
          ],
          [
            -3.42,
            -0.702
          ]
        ]
      },
      {
        "id": 3,
        "block": 0,
        "occupant": "src/utils/helpers.rs",
        "boundary": [
          [
            -4.627,
            -2.878
          ],
          [
            -3.774,
            -3.351
          ],
          [
            -2.261,
            -2.007
          ],
          [
            -3.42,
            -0.702
          ]
        ]
      },
      {
        "id": 4,
        "block": 1,
        "occupant": null,
        "boundary": [
          [
            29.847,
            18.026
          ],
          [
            26.797,
            13.468
          ],
          [
            25.343,
            9.766
          ],
          [
            24.434,
            9.908
          ],
          [
            29.861,
            2.511
          ],
          [
            37.251,
            7.933
          ]
        ]
      },
      {
        "id": 5,
        "block": 1,
        "occupant": null,
        "boundary": [
          [
            44.397,
            13.174
          ],
          [
            42.956,
            13.936
          ],
          [
            36.001,
            14.725
          ],
          [
            30.69,
            19.285
          ],
          [
            29.847,
            18.026
          ],
          [
            37.251,
            7.933
          ]
        ]
      },
      {
        "id": 6,
        "block": 1,
        "occupant": null,
        "boundary": [
          [
            43.105,
            2.278
          ],
          [
            48.325,
            6.107
          ],
          [
            49.144,
            10.664
          ],
          [
            44.397,
            13.174
          ],
          [
            38.36,
            8.746
          ]
        ]
      },
      {
        "id": 7,
        "block": 1,
        "occupant": null,
        "boundary": [
          [
            34.509,
            -3.826
          ],
          [
            29.75,
            2.662
          ],
          [
            19.91,
            -4.557
          ],
          [
            24.669,
            -11.045
          ]
        ]
      },
      {
        "id": 8,
        "block": 1,
        "occupant": null,
        "boundary": [
          [
            16.459,
            -16.221
          ],
          [
            16.905,
            -19.415
          ],
          [
            23.867,
            -20.145
          ],
          [
            30.039,
            -18.365
          ],
          [
            24.266,
            -10.495
          ]
        ]
      },
      {
        "id": 9,
        "block": 1,
        "occupant": null,
        "boundary": [
          [
            13.379,
            -9.348
          ],
          [
            16.327,
            -15.275
          ],
          [
            16.459,
            -16.221
          ],
          [
            24.266,
            -10.495
          ],
          [
            19.91,
            -4.557
          ]
        ]
      },
      {
        "id": 10,
        "block": 1,
        "occupant": null,
        "boundary": [
          [
            8.228,
            -1.413
          ],
          [
            9.07,
            -3.363
          ],
          [
            13.21,
            -9.007
          ],
          [
            13.379,
            -9.348
          ],
          [
            20.169,
            -4.367
          ],
          [
            14.583,
            3.249
          ]
        ]
      },
      {
        "id": 11,
        "block": 1,
        "occupant": null,
        "boundary": [
          [
            6.294,
            3.063
          ],
          [
            8.228,
            -1.413
          ],
          [
            14.583,
            3.249
          ],
          [
            4.552,
            16.923
          ],
          [
            4.324,
            16.922
          ],
          [
            5.199,
            9.977
          ]
        ]
      },
      {
        "id": 12,
        "block": 1,
        "occupant": null,
        "boundary": [
          [
            42.473,
            3.139
          ],
          [
            38.36,
            8.746
          ],
          [
            29.861,
            2.511
          ],
          [
            33.974,
            -3.096
          ]
        ]
      },
      {
        "id": 13,
        "block": 1,
        "occupant": null,
        "boundary": [
          [
            38.799,
            -9.674
          ],
          [
            40.468,
            -8.355
          ],
          [
            37.938,
            -1.512
          ],
          [
            43.105,
            2.278
          ],
          [
            42.473,
            3.139
          ],
          [
            33.974,
            -3.096
          ]
        ]
      },
      {
        "id": 14,
        "block": 1,
        "occupant": null,
        "boundary": [
          [
            37.013,
            -17.534
          ],
          [
            37.554,
            -17.477
          ],
          [
            37.777,
            -10.481
          ],
          [
            38.799,
            -9.674
          ],
          [
            34.509,
            -3.826
          ],
          [
            29.6,
            -7.428
          ]
        ]
      },
      {
        "id": 15,
        "block": 1,
        "occupant": "src/café/módulo.rs",
        "boundary": [
          [
            30.039,
            -18.365
          ],
          [
            30.592,
            -18.205
          ],
          [
            37.013,
            -17.534
          ],
          [
            29.6,
            -7.428
          ],
          [
            24.669,
            -11.045
          ]
        ]
      },
      {
        "id": 16,
        "block": 1,
        "occupant": "src/café/naïve.rs",
        "boundary": [
          [
            15.184,
            17.088
          ],
          [
            11.324,
            16.936
          ],
          [
            4.552,
            16.923
          ],
          [
            8.193,
            11.96
          ]
        ]
      },
      {
        "id": 17,
        "block": 1,
        "occupant": null,
        "boundary": [
          [
            20.169,
            -4.367
          ],
          [
            25.257,
            -0.634
          ],
          [
            19.297,
            7.492
          ],
          [
            14.209,
            3.759
          ]
        ]
      },
      {
        "id": 18,
        "block": 1,
        "occupant": null,
        "boundary": [
          [
            25.257,
            -0.634
          ],
          [
            29.75,
            2.662
          ],
          [
            24.434,
            9.908
          ],
          [
            23.154,
            10.108
          ],
          [
            23.057,
            10.25
          ],
          [
            19.297,
            7.492
          ]
        ]
      },
      {
        "id": 19,
        "block": 1,
        "occupant": null,
        "boundary": [
          [
            12.672,
            15.246
          ],
          [
            8.193,
            11.96
          ],
          [
            14.209,
            3.759
          ],
          [
            18.688,
            7.045
          ]
        ]
      },
      {
        "id": 20,
        "block": 1,
        "occupant": null,
        "boundary": [
          [
            23.057,
            10.25
          ],
          [
            18.319,
            17.212
          ],
          [
            15.184,
            17.088
          ],
          [
            12.672,
            15.246
          ],
          [
            18.688,
            7.045
          ]
        ]
      },
      {
        "id": 21,
        "block": 2,
        "occupant": null,
        "boundary": [
          [
            -4.708,
            -2.833
          ],
          [
            -7.033,
            -1.543
          ],
          [
            -7.904,
            -3.114
          ]
        ]
      },
      {
        "id": 22,
        "block": 2,
        "occupant": "src/auth/providers/ldap.rs",
        "boundary": [
          [
            -7.211,
            -1.444
          ],
          [
            -9.895,
            0.045
          ],
          [
            -9.745,
            -1.667
          ]
        ]
      },
      {
        "id": 23,
        "block": 2,
        "occupant": null,
        "boundary": [
          [
            -7.033,
            -1.543
          ],
          [
            -7.211,
            -1.444
          ],
          [
            -9.745,
            -1.667
          ],
          [
            -9.604,
            -3.263
          ],
          [
            -7.904,
            -3.114
          ]
        ]
      },
      {
        "id": 24,
        "block": 2,
        "occupant": null,
        "boundary": [
          [
            -9.106,
            -3.219
          ],
          [
            -9.604,
            -3.263
          ],
          [
            -9.389,
            -5.714
          ],
          [
            -7.234,
            -5.524
          ]
        ]
      },
      {
        "id": 25,
        "block": 2,
        "occupant": ".gitattributes",
        "boundary": [
          [
            -9.389,
            -5.714
          ],
          [
            -9.209,
            -7.763
          ],
          [
            -6.923,
            -5.908
          ],
          [
            -7.234,
            -5.524
          ]
        ]
      },
      {
        "id": 26,
        "block": 2,
        "occupant": "src/main.rs",
        "boundary": [
          [
            -3.774,
            -3.351
          ],
          [
            -4.708,
            -2.833
          ],
          [
            -5.801,
            -2.929
          ],
          [
            -5.631,
            -4.859
          ]
        ]
      },
      {
        "id": 27,
        "block": 2,
        "occupant": "examples/basic.rs",
        "boundary": [
          [
            -5.801,
            -2.929
          ],
          [
            -9.106,
            -3.219
          ],
          [
            -7.743,
            -4.897
          ],
          [
            -5.769,
            -3.295
          ]
        ]
      },
      {
        "id": 28,
        "block": 2,
        "occupant": "src/lib.rs",
        "boundary": [
          [
            -7.743,
            -4.897
          ],
          [
            -6.923,
            -5.908
          ],
          [
            -5.631,
            -4.859
          ],
          [
            -5.769,
            -3.295
          ]
        ]
      },
      {
        "id": 29,
        "block": 3,
        "occupant": "src/net/server.rs",
        "boundary": [
          [
            13.21,
            -9.007
          ],
          [
            8.956,
            -13.098
          ],
          [
            12.735,
            -17.028
          ],
          [
            16.327,
            -15.275
          ]
        ]
      },
      {
        "id": 30,
        "block": 3,
        "occupant": null,
        "boundary": [
          [
            8.956,
            -13.098
          ],
          [
            8.164,
            -13.859
          ],
          [
            5.926,
            -18.421
          ],
          [
            10.037,
            -18.345
          ],
          [
            12.735,
            -17.028
          ]
        ]
      },
      {
        "id": 31,
        "block": 4,
        "occupant": "src/net/client.rs",
        "boundary": [
          [
            16.327,
            -15.275
          ],
          [
            10.037,
            -18.345
          ],
          [
            16.905,
            -19.415
          ]
        ]
      },
      {
        "id": 32,
        "block": 5,
        "occupant": "docs/日本語.md",
        "boundary": [
          [
            -16.873,
            0.604
          ],
          [
            -18.205,
            7.615
          ],
          [
            -23.233,
            3.528
          ]
        ]
      },
      {
        "id": 33,
        "block": 6,
        "occupant": "docs/guide.md",
        "boundary": [
          [
            -23.176,
            3.575
          ],
          [
            -18.205,
            7.615
          ],
          [
            -20.093,
            9.196
          ],
          [
            -24.074,
            9.683
          ],
          [
            -26.295,
            8.178
          ]
        ]
      },
      {
        "id": 34,
        "block": 6,
        "occupant": null,
        "boundary": [
          [
            -23.233,
            3.528
          ],
          [
            -23.176,
            3.575
          ],
          [
            -26.295,
            8.178
          ],
          [
            -29.869,
            5.756
          ]
        ]
      },
      {
        "id": 35,
        "block": 7,
        "occupant": null,
        "boundary": [
          [
            18.319,
            17.212
          ],
          [
            25.294,
            16.628
          ],
          [
            30.69,
            19.285
          ],
          [
            27.824,
            25.672
          ],
          [
            24.957,
            26.084
          ],
          [
            22.964,
            22.449
          ]
        ]
      },
      {
        "id": 36,
        "block": 8,
        "occupant": null,
        "boundary": [
          [
            18.319,
            17.212
          ],
          [
            23.154,
            10.108
          ],
          [
            26.797,
            13.468
          ],
          [
            25.294,
            16.628
          ]
        ]
      },
      {
        "id": 37,
        "block": 9,
        "occupant": null,
        "boundary": [
          [
            25.294,
            16.628
          ],
          [
            26.797,
            13.468
          ],
          [
            30.69,
            19.285
          ]
        ]
      },
      {
        "id": 38,
        "block": 10,
        "occupant": null,
        "boundary": [
          [
            25.343,
            9.766
          ],
          [
            26.797,
            13.468
          ],
          [
            23.154,
            10.108
          ]
        ]
      },
      {
        "id": 39,
        "block": 11,
        "occupant": "src/auth/providers/oauth/github.rs",
        "boundary": [
          [
            -13.615,
            24.24
          ],
          [
            -9.465,
            25.961
          ],
          [
            -11.708,
            26.007
          ],
          [
            -17.907,
            29.26
          ],
          [
            -19.053,
            27.002
          ]
        ]
      },
      {
        "id": 40,
        "block": 11,
        "occupant": "src/auth/providers/oauth/google.rs",
        "boundary": [
          [
            -21.076,
            23.018
          ],
          [
            -14.148,
            24.02
          ],
          [
            -13.615,
            24.24
          ],
          [
            -19.053,
            27.002
          ]
        ]
      },
      {
        "id": 41,
        "block": 12,
        "occupant": null,
        "boundary": [
          [
            -17.907,
            29.26
          ],
          [
            -11.708,
            26.007
          ],
          [
            -9.465,
            25.961
          ],
          [
            -13.148,
            28.689
          ],
          [
            -19.305,
            32.019
          ]
        ]
      },
      {
        "id": 42,
        "block": 13,
        "occupant": "tests/auth_test.rs",
        "boundary": [
          [
            40.005,
            -12.072
          ],
          [
            40.468,
            -8.355
          ],
          [
            37.777,
            -10.481
          ],
          [
            37.728,
            -12.0
          ]
        ]
      },
      {
        "id": 43,
        "block": 13,
        "occupant": "tests/net_test.rs",
        "boundary": [
          [
            37.554,
            -17.477
          ],
          [
            39.602,
            -15.301
          ],
          [
            40.005,
            -12.072
          ],
          [
            37.728,
            -12.0
          ]
        ]
      },
      {
        "id": 44,
        "block": 15,
        "occupant": null,
        "boundary": [
          [
            -19.087,
            -34.646
          ],
          [
            -25.224,
            -31.279
          ],
          [
            -26.288,
            -30.735
          ],
          [
            -27.753,
            -33.601
          ],
          [
            -27.899,
            -34.305
          ],
          [
            -25.843,
            -36.48
          ]
        ]
      },
      {
        "id": 45,
        "block": 15,
        "occupant": "src/ui/components/button.tsx",
        "boundary": [
          [
            -26.288,
            -30.735
          ],
          [
            -31.84,
            -27.896
          ],
          [
            -27.421,
            -31.993
          ],
          [
            -27.753,
            -33.601
          ]
        ]
      },
      {
        "id": 46,
        "block": 16,
        "occupant": "src/ui/components/table.tsx",
        "boundary": [
          [
            -25.843,
            -36.48
          ],
          [
            -27.899,
            -34.305
          ],
          [
            -28.839,
            -38.848
          ]
        ]
      },
      {
        "id": 47,
        "block": 17,
        "occupant": null,
        "boundary": [
          [
            -30.653,
            -31.394
          ],
          [
            -27.899,
            -34.305
          ],
          [
            -27.421,
            -31.993
          ],
          [
            -31.84,
            -27.896
          ]
        ]
      },
      {
        "id": 48,
        "block": 18,
        "occupant": "src/ui/app.tsx",
        "boundary": [
          [
            37.938,
            -1.512
          ],
          [
            39.439,
            -5.571
          ],
          [
            41.196,
            -4.921
          ],
          [
            41.3,
            -4.432
          ]
        ]
      },
      {
        "id": 49,
        "block": 18,
        "occupant": "src/ui/routes.ts",
        "boundary": [
          [
            39.439,
            -5.571
          ],
          [
            40.468,
            -8.355
          ],
          [
            41.196,
            -4.921
          ]
        ]
      }
    ],
    "buildings": [
      {
        "path": ".gitattributes",
        "lot": 25,
        "height": 1.0,
        "roof": "pitched",
        "rotation": 0.067,
        "footprint": [
          [
            -8.899,
            -6.076
          ],
          [
            -8.747,
            -7.053
          ],
          [
            -7.71,
            -6.09
          ],
          [
            -7.871,
            -5.916
          ]
        ]
      },
      {
        "path": "docs/guide.md",
        "lot": 33,
        "height": 1.0,
        "roof": "stepped",
        "rotation": -0.011,
        "footprint": [
          [
            -22.833,
            5.522
          ],
          [
            -20.454,
            7.415
          ],
          [
            -21.236,
            8.084
          ],
          [
            -23.293,
            8.358
          ],
          [
            -24.279,
            7.705
          ]
        ]
      },
      {
        "path": "docs/日本語.md",
        "lot": 32,
        "height": 4.742,
        "roof": "pitched",
        "rotation": 0.021,
        "footprint": [
          [
            -18.527,
            2.783
          ],
          [
            -19.048,
            5.246
          ],
          [
            -20.791,
            3.768
          ]
        ]
      },
      {
        "path": "examples/basic.rs",
        "lot": 27,
        "height": 1.0,
        "roof": "flat",
        "rotation": -0.055,
        "footprint": [
          [
            -6.592,
            -3.351
          ],
          [
            -8.25,
            -3.406
          ],
          [
            -7.616,
            -4.282
          ],
          [
            -6.585,
            -3.535
          ]
        ]
      },
      {
        "path": "README.md",
        "lot": 0,
        "height": 1.0,
        "roof": "flat",
        "rotation": 0.047,
        "footprint": [
          [
            -5.596,
            -0.681
          ],
          [
            -7.018,
            -0.829
          ],
          [
            -7.765,
            -0.75
          ],
          [
            -6.051,
            -1.599
          ]
        ]
      },
      {
        "path": "src/auth/providers/oauth/github.rs",
        "lot": 39,
        "height": 1.0,
        "roof": "flat",
        "rotation": 0.008,
        "footprint": [
          [
            -13.878,
            25.003
          ],
          [
            -12.035,
            25.784
          ],
          [
            -12.395,
            25.788
          ],
          [
            -17.351,
            28.341
          ],
          [
            -17.993,
            27.053
          ]
        ]
      },
      {
        "path": "src/auth/providers/oauth/google.rs",
        "lot": 40,
        "height": 3.55,
        "roof": "flat",
        "rotation": -0.042,
        "footprint": [
          [
            -20.299,
            23.556
          ],
          [
            -15.125,
            24.084
          ],
          [
            -14.723,
            24.232
          ],
          [
            -18.674,
            26.451
          ]
        ]
      },
      {
        "path": "src/auth/session.rs",
        "lot": 2,
        "height": 7.481,
        "roof": "stepped",
        "rotation": 0.016,
        "footprint": [
          [
            -4.031,
            -0.621
          ],
          [
            -4.647,
            -0.666
          ],
          [
            -5.368,
            -2.015
          ],
          [
            -4.768,
            -2.336
          ],
          [
            -3.918,
            -0.744
          ]
        ]
      },
      {
        "path": "src/auth/tokens.rs",
        "lot": 1,
        "height": 1.0,
        "roof": "stepped",
        "rotation": 0.029,
        "footprint": [
          [
            -1.137,
            -0.437
          ],
          [
            -3.007,
            -0.598
          ],
          [
            -2.21,
            -1.446
          ]
        ]
      },
      {
        "path": "src/café/módulo.rs",
        "lot": 15,
        "height": 1.15,
        "roof": "pitched",
        "rotation": 0.02,
        "footprint": [
          [
            30.385,
            -14.866
          ],
          [
            30.484,
            -14.835
          ],
          [
            32.271,
            -14.612
          ],
          [
            30.111,
            -11.79
          ],
          [
            28.799,
            -12.793
          ]
        ]
      },
      {
        "path": "src/café/naïve.rs",
        "lot": 16,
        "height": 1.0,
        "roof": "pitched",
        "rotation": -0.052,
        "footprint": [
          [
            11.45,
            15.771
          ],
          [
            10.226,
            15.786
          ],
          [
            7.366,
            15.928
          ],
          [
            8.67,
            13.944
          ]
        ]
      },
      {
        "path": "src/lib.rs",
        "lot": 28,
        "height": 2.5,
        "roof": "stepped",
        "rotation": -0.011,
        "footprint": [
          [
            -7.183,
            -4.949
          ],
          [
            -6.871,
            -5.341
          ],
          [
            -6.048,
            -4.688
          ],
          [
            -6.094,
            -4.085
          ]
        ]
      },
      {
        "path": "src/main.rs",
        "lot": 26,
        "height": 2.5,
        "roof": "stepped",
        "rotation": 0.035,
        "footprint": [
          [
            -4.491,
            -3.395
          ],
          [
            -4.807,
            -3.234
          ],
          [
            -5.377,
            -3.304
          ],
          [
            -5.28,
            -4.083
          ]
        ]
      },
      {
        "path": "src/net/client.rs",
        "lot": 31,
        "height": 1.0,
        "roof": "pitched",
        "rotation": -0.05,
        "footprint": [
          [
            16.095,
            -15.949
          ],
          [
            11.336,
            -17.982
          ],
          [
            16.367,
            -19.028
          ]
        ]
      },
      {
        "path": "src/net/server.rs",
        "lot": 29,
        "height": 3.1,
        "roof": "stepped",
        "rotation": 0.027,
        "footprint": [
          [
            12.92,
            -10.898
          ],
          [
            10.586,
            -13.268
          ],
          [
            12.862,
            -15.509
          ],
          [
            14.826,
            -14.484
          ]
        ]
      },
      {
        "path": "src/ui/app.tsx",
        "lot": 48,
        "height": 16.284,
        "roof": "stepped",
        "rotation": -0.047,
        "footprint": [
          [
            38.918,
            -2.795
          ],
          [
            39.634,
            -5.05
          ],
          [
            40.829,
            -4.671
          ],
          [
            40.84,
            -4.628
          ]
        ]
      },
      {
        "path": "src/ui/components/button.tsx",
        "lot": 45,
        "height": 1.0,
        "roof": "pitched",
        "rotation": -0.033,
        "footprint": [
          [
            -27.511,
            -30.587
          ],
          [
            -29.746,
            -29.35
          ],
          [
            -27.992,
            -31.087
          ],
          [
            -28.15,
            -31.741
          ]
        ]
      },
      {
        "path": "src/ui/components/table.tsx",
        "lot": 46,
        "height": 1.0,
        "roof": "pitched",
        "rotation": -0.057,
        "footprint": [
          [
            -26.433,
            -36.494
          ],
          [
            -27.587,
            -35.127
          ],
          [
            -28.301,
            -37.806
          ]
        ]
      },
      {
        "path": "src/ui/routes.ts",
        "lot": 49,
        "height": 2.5,
        "roof": "stepped",
        "rotation": -0.04,
        "footprint": [
          [
            39.965,
            -5.793
          ],
          [
            40.331,
            -6.92
          ],
          [
            40.676,
            -5.561
          ]
        ]
      },
      {
        "path": "src/utils/helpers.rs",
        "lot": 3,
        "height": 1.0,
        "roof": "stepped",
        "rotation": 0.003,
        "footprint": [
          [
            -4.081,
            -2.724
          ],
          [
            -3.825,
            -2.865
          ],
          [
            -2.826,
            -1.972
          ],
          [
            -3.347,
            -1.389
          ]
        ]
      },
      {
        "path": "tests/auth_test.rs",
        "lot": 42,
        "height": 1.0,
        "roof": "stepped",
        "rotation": -0.018,
        "footprint": [
          [
            39.637,
            -11.671
          ],
          [
            39.977,
            -9.289
          ],
          [
            38.172,
            -10.663
          ],
          [
            38.126,
            -11.596
          ]
        ]
      },
      {
        "path": "tests/net_test.rs",
        "lot": 43,
        "height": 1.0,
        "roof": "flat",
        "rotation": 0.044,
        "footprint": [
          [
            38.092,
            -16.461
          ],
          [
            39.267,
            -15.098
          ],
          [
            39.483,
            -12.421
          ],
          [
            38.044,
            -12.438
          ]
        ]
      }
    ],
    "districts": [
      {
        "path": "",
        "centre": [
          1.524,
          -0.268
        ],
        "blocks": [
          0,
          2
        ],
        "boundary": [
          [
            -9.895,
            0.045
          ],
          [
            -9.209,
            -7.763
          ],
          [
            -3.774,
            -3.351
          ],
          [
            0.0,
            0.0
          ]
        ]
      },
      {
        "path": "docs",
        "centre": [
          -26.517,
          8.607
        ],
        "blocks": [
          5,
          6
        ],
        "boundary": [
          [
            -29.869,
            5.756
          ],
          [
            -16.873,
            0.604
          ],
          [
            -18.205,
            7.615
          ],
          [
            -20.093,
            9.196
          ],
          [
            -24.074,
            9.683
          ]
        ]
      },
      {
        "path": "src/auth/providers/oauth",
        "centre": [
          -14.488,
          29.376
        ],
        "blocks": [
          11,
          12
        ],
        "boundary": [
          [
            -21.076,
            23.018
          ],
          [
            -14.148,
            24.02
          ],
          [
            -9.465,
            25.961
          ],
          [
            -13.148,
            28.689
          ],
          [
            -19.305,
            32.019
          ]
        ]
      },
      {
        "path": "src/café",
        "centre": [
          26.782,
          14.95
        ],
        "blocks": [
          1,
          7,
          8,
          9,
          10
        ],
        "boundary": [
          [
            4.324,
            16.922
          ],
          [
            5.199,
            9.977
          ],
          [
            6.294,
            3.063
          ],
          [
            9.07,
            -3.363
          ],
          [
            16.905,
            -19.415
          ],
          [
            23.867,
            -20.145
          ],
          [
            37.554,
            -17.477
          ],
          [
            48.325,
            6.107
          ],
          [
            49.144,
            10.664
          ],
          [
            27.824,
            25.672
          ],
          [
            24.957,
            26.084
          ]
        ]
      },
      {
        "path": "src/net",
        "centre": [
          11.092,
          -18.2
        ],
        "blocks": [
          3,
          4
        ],
        "boundary": [
          [
            5.926,
            -18.421
          ],
          [
            16.905,
            -19.415
          ],
          [
            16.327,
            -15.275
          ],
          [
            13.21,
            -9.007
          ],
          [
            8.164,
            -13.859
          ]
        ]
      },
      {
        "path": "src/ui",
        "centre": [
          43.214,
          2.285
        ],
        "blocks": [
          18
        ],
        "boundary": [
          [
            37.938,
            -1.512
          ],
          [
            40.468,
            -8.355
          ],
          [
            41.3,
            -4.432
          ]
        ]
      },
      {
        "path": "src/ui/components",
        "centre": [
          -30.537,
          -32.645
        ],
        "blocks": [
          15,
          16,
          17
        ],
        "boundary": [
          [
            -31.84,
            -27.896
          ],
          [
            -28.839,
            -38.848
          ],
          [
            -19.087,
            -34.646
          ],
          [
            -25.224,
            -31.279
          ]
        ]
      },
      {
        "path": "tests",
        "centre": [
          31.391,
          -16.866
        ],
        "blocks": [
          13
        ],
        "boundary": [
          [
            37.554,
            -17.477
          ],
          [
            39.602,
            -15.301
          ],
          [
            40.468,
            -8.355
          ],
          [
            37.777,
            -10.481
          ]
        ]
      },
      {
        "path": "vendor/leftpad",
        "centre": [
          21.95,
          33.676
        ],
        "blocks": [
          14
        ],
        "boundary": [
          [
            24.957,
            26.084
          ],
          [
            27.824,
            25.672
          ],
          [
            27.366,
            32.657
          ]
        ]
      }
    ],
    "streets": []
  },
  "terrain": {
    "seed": "0x91d51b0b7c25dbd8",
    "extent": 71.809,
    "octaves": 3,
    "relief": 10.771,
    "districts": 15,
    "digest": "0x2ee16737d2bfc4f3"
  },
  "monuments": [
    {
      "path": "src/main.rs",
      "rank": 0,
      "entry": "main",
      "inbound": 0,
      "top_decile": false
    },
    {
      "path": "src/lib.rs",
      "rank": 1,
      "entry": "library-root",
      "inbound": 0,
      "top_decile": false
    },
    {
      "path": "src/net/server.rs",
      "rank": 2,
      "entry": "server",
      "inbound": 0,
      "top_decile": false
    },
    {
      "path": "src/ui/routes.ts",
      "rank": 3,
      "entry": "router",
      "inbound": 0,
      "top_decile": false
    },
    {
      "path": "src/ui/app.tsx",
      "rank": 4,
      "entry": "index",
      "inbound": 0,
      "top_decile": false
    }
  ],
  "industrial": [
    {
      "district": "vendor/bignum",
      "host": "",
      "files": 1,
      "bytes": 33327,
      "boundary": [
        [
          -9.895,
          0.045
        ],
        [
          -9.209,
          -7.763
        ],
        [
          -3.774,
          -3.351
        ],
        [
          0.0,
          0.0
        ]
      ]
    },
    {
      "district": "vendor/leftpad",
      "host": "vendor/leftpad",
      "files": 2,
      "bytes": 941,
      "boundary": [
        [
          24.957,
          26.084
        ],
        [
          27.824,
          25.672
        ],
        [
          27.366,
          32.657
        ]
      ]
    }
  ],
  "vacancies": [],
  "host_of": [
    [
      "",
      ""
    ],
    [
      "docs",
      "docs"
    ],
    [
      "examples",
      ""
    ],
    [
      "src",
      ""
    ],
    [
      "src/auth",
      ""
    ],
    [
      "src/auth/providers",
      ""
    ],
    [
      "src/auth/providers/oauth",
      "src/auth/providers/oauth"
    ],
    [
      "src/café",
      "src/café"
    ],
    [
      "src/net",
      "src/net"
    ],
    [
      "src/ui",
      "src/ui"
    ],
    [
      "src/ui/components",
      "src/ui/components"
    ],
    [
      "src/utils",
      ""
    ],
    [
      "tests",
      "tests"
    ]
  ],
  "overflow": [],
  "report": {
    "files": 26,
    "buildings": 22,
    "blocks": 19,
    "lots": 50,
    "empty_lots": 27,
    "massed": 3,
    "overflow": 0,
    "unbuilt": 1,
    "road_nodes": 84,
    "road_segments": 102,
    "cycles": 19,
    "junctions": 34,
    "complex_junctions": 10,
    "monuments": 5
  }
}
