---
source: polis-layout/tests/m1_gate.rs
expression: "city.snapshot().expect(\"serializes\")"
---
{
  "layout": {
    "format": 3,
    "schema": 1,
    "quantum": 0.001,
    "extent": 9.944,
    "roads": {
      "snap_tolerance": 0.004,
      "nodes": [
        [
          -7.858,
          -0.135
        ],
        [
          -6.812,
          4.538
        ],
        [
          -6.191,
          -2.524
        ],
        [
          -6.557,
          6.901
        ],
        [
          -6.053,
          2.006
        ],
        [
          -4.841,
          1.067
        ],
        [
          -4.397,
          8.54
        ],
        [
          -3.258,
          2.827
        ],
        [
          -3.663,
          -3.074
        ],
        [
          -3.647,
          5.056
        ],
        [
          -1.98,
          0.061
        ],
        [
          -1.472,
          6.384
        ],
        [
          -1.701,
          0.636
        ],
        [
          -1.57,
          -1.638
        ],
        [
          -0.784,
          2.869
        ],
        [
          -0.759,
          -2.789
        ],
        [
          0.476,
          0.91
        ],
        [
          0.521,
          -0.775
        ],
        [
          0.495,
          6.265
        ],
        [
          0.417,
          -0.219
        ],
        [
          1.169,
          -2.752
        ],
        [
          0.816,
          0.182
        ],
        [
          1.132,
          1.698
        ],
        [
          1.188,
          3.589
        ],
        [
          1.825,
          -0.117
        ],
        [
          1.997,
          6.449
        ],
        [
          2.611,
          -0.919
        ],
        [
          2.668,
          1.635
        ],
        [
          3.157,
          -2.425
        ],
        [
          3.173,
          2.994
        ],
        [
          3.944,
          2.079
        ],
        [
          3.663,
          5.553
        ],
        [
          4.041,
          0.05
        ],
        [
          5.403,
          5.414
        ],
        [
          5.958,
          -2.408
        ],
        [
          5.697,
          1.758
        ],
        [
          5.762,
          -1.675
        ],
        [
          7.081,
          0.127
        ],
        [
          7.415,
          4.146
        ],
        [
          7.578,
          -3.486
        ],
        [
          9.136,
          3.822
        ],
        [
          9.223,
          0.745
        ],
        [
          9.603,
          -2.583
        ]
      ],
      "segments": [
        {
          "from": 0,
          "to": 2,
          "class": "street"
        },
        {
          "from": 0,
          "to": 4,
          "class": "street"
        },
        {
          "from": 1,
          "to": 3,
          "class": "street"
        },
        {
          "from": 1,
          "to": 4,
          "class": "street"
        },
        {
          "from": 1,
          "to": 9,
          "class": "street"
        },
        {
          "from": 2,
          "to": 5,
          "class": "street"
        },
        {
          "from": 2,
          "to": 8,
          "class": "arterial"
        },
        {
          "from": 3,
          "to": 6,
          "class": "street"
        },
        {
          "from": 5,
          "to": 7,
          "class": "street"
        },
        {
          "from": 5,
          "to": 10,
          "class": "street"
        },
        {
          "from": 6,
          "to": 11,
          "class": "street"
        },
        {
          "from": 7,
          "to": 9,
          "class": "arterial"
        },
        {
          "from": 7,
          "to": 12,
          "class": "street"
        },
        {
          "from": 7,
          "to": 14,
          "class": "street"
        },
        {
          "from": 8,
          "to": 13,
          "class": "arterial"
        },
        {
          "from": 9,
          "to": 11,
          "class": "street"
        },
        {
          "from": 10,
          "to": 12,
          "class": "street"
        },
        {
          "from": 10,
          "to": 13,
          "class": "arterial"
        },
        {
          "from": 11,
          "to": 14,
          "class": "street"
        },
        {
          "from": 11,
          "to": 18,
          "class": "street"
        },
        {
          "from": 12,
          "to": 14,
          "class": "street"
        },
        {
          "from": 12,
          "to": 16,
          "class": "arterial"
        },
        {
          "from": 13,
          "to": 15,
          "class": "arterial"
        },
        {
          "from": 13,
          "to": 17,
          "class": "arterial"
        },
        {
          "from": 14,
          "to": 22,
          "class": "street"
        },
        {
          "from": 14,
          "to": 23,
          "class": "street"
        },
        {
          "from": 15,
          "to": 20,
          "class": "street"
        },
        {
          "from": 16,
          "to": 19,
          "class": "street"
        },
        {
          "from": 16,
          "to": 21,
          "class": "alley"
        },
        {
          "from": 16,
          "to": 22,
          "class": "alley"
        },
        {
          "from": 16,
          "to": 24,
          "class": "street"
        },
        {
          "from": 17,
          "to": 19,
          "class": "alley"
        },
        {
          "from": 17,
          "to": 20,
          "class": "street"
        },
        {
          "from": 17,
          "to": 24,
          "class": "arterial"
        },
        {
          "from": 18,
          "to": 23,
          "class": "alley"
        },
        {
          "from": 18,
          "to": 25,
          "class": "street"
        },
        {
          "from": 19,
          "to": 21,
          "class": "street"
        },
        {
          "from": 20,
          "to": 28,
          "class": "street"
        },
        {
          "from": 21,
          "to": 24,
          "class": "street"
        },
        {
          "from": 22,
          "to": 23,
          "class": "alley"
        },
        {
          "from": 22,
          "to": 27,
          "class": "street"
        },
        {
          "from": 23,
          "to": 29,
          "class": "alley"
        },
        {
          "from": 24,
          "to": 26,
          "class": "street"
        },
        {
          "from": 24,
          "to": 27,
          "class": "street"
        },
        {
          "from": 25,
          "to": 31,
          "class": "street"
        },
        {
          "from": 26,
          "to": 28,
          "class": "street"
        },
        {
          "from": 26,
          "to": 32,
          "class": "street"
        },
        {
          "from": 27,
          "to": 30,
          "class": "arterial"
        },
        {
          "from": 28,
          "to": 34,
          "class": "street"
        },
        {
          "from": 29,
          "to": 30,
          "class": "street"
        },
        {
          "from": 29,
          "to": 31,
          "class": "street"
        },
        {
          "from": 30,
          "to": 32,
          "class": "street"
        },
        {
          "from": 30,
          "to": 33,
          "class": "alley"
        },
        {
          "from": 30,
          "to": 35,
          "class": "street"
        },
        {
          "from": 31,
          "to": 33,
          "class": "street"
        },
        {
          "from": 32,
          "to": 36,
          "class": "street"
        },
        {
          "from": 33,
          "to": 38,
          "class": "street"
        },
        {
          "from": 34,
          "to": 36,
          "class": "alley"
        },
        {
          "from": 34,
          "to": 39,
          "class": "street"
        },
        {
          "from": 35,
          "to": 37,
          "class": "street"
        },
        {
          "from": 35,
          "to": 38,
          "class": "street"
        },
        {
          "from": 36,
          "to": 37,
          "class": "street"
        },
        {
          "from": 37,
          "to": 41,
          "class": "street"
        },
        {
          "from": 38,
          "to": 40,
          "class": "street"
        },
        {
          "from": 39,
          "to": 42,
          "class": "street"
        },
        {
          "from": 40,
          "to": 41,
          "class": "street"
        },
        {
          "from": 41,
          "to": 42,
          "class": "street"
        }
      ]
    },
    "blocks": [
      {
        "id": 0,
        "district": "src/ui",
        "boundary": [
          [
            -7.858,
            -0.135
          ],
          [
            -6.191,
            -2.524
          ],
          [
            -4.841,
            1.067
          ],
          [
            -3.258,
            2.827
          ],
          [
            -3.647,
            5.056
          ],
          [
            -6.812,
            4.538
          ],
          [
            -6.053,
            2.006
          ]
        ]
      },
      {
        "id": 1,
        "district": "src/utils",
        "boundary": [
          [
            -6.557,
            6.901
          ],
          [
            -6.812,
            4.538
          ],
          [
            -3.647,
            5.056
          ],
          [
            -1.472,
            6.384
          ],
          [
            -4.397,
            8.54
          ]
        ]
      },
      {
        "id": 2,
        "district": "src/ui/components",
        "boundary": [
          [
            -4.841,
            1.067
          ],
          [
            -6.191,
            -2.524
          ],
          [
            -3.663,
            -3.074
          ],
          [
            -1.57,
            -1.638
          ],
          [
            -1.98,
            0.061
          ]
        ]
      },
      {
        "id": 3,
        "district": "src/auth/providers/oauth",
        "boundary": [
          [
            -3.258,
            2.827
          ],
          [
            -4.841,
            1.067
          ],
          [
            -1.98,
            0.061
          ],
          [
            -1.701,
            0.636
          ]
        ]
      },
      {
        "id": 4,
        "district": "src/café",
        "boundary": [
          [
            -3.647,
            5.056
          ],
          [
            -3.258,
            2.827
          ],
          [
            -0.784,
            2.869
          ],
          [
            -1.472,
            6.384
          ]
        ]
      },
      {
        "id": 5,
        "district": "src/auth/providers",
        "boundary": [
          [
            -3.258,
            2.827
          ],
          [
            -1.701,
            0.636
          ],
          [
            -0.784,
            2.869
          ]
        ]
      },
      {
        "id": 6,
        "district": "",
        "boundary": [
          [
            -1.701,
            0.636
          ],
          [
            -1.98,
            0.061
          ],
          [
            -1.57,
            -1.638
          ],
          [
            0.521,
            -0.775
          ],
          [
            0.417,
            -0.219
          ],
          [
            0.476,
            0.91
          ]
        ]
      },
      {
        "id": 7,
        "district": "src/net",
        "boundary": [
          [
            -1.472,
            6.384
          ],
          [
            -0.784,
            2.869
          ],
          [
            1.188,
            3.589
          ],
          [
            0.495,
            6.265
          ]
        ]
      },
      {
        "id": 8,
        "district": "src/auth",
        "boundary": [
          [
            -0.784,
            2.869
          ],
          [
            -1.701,
            0.636
          ],
          [
            0.476,
            0.91
          ],
          [
            1.132,
            1.698
          ]
        ]
      },
      {
        "id": 9,
        "district": "",
        "boundary": [
          [
            -1.57,
            -1.638
          ],
          [
            -0.759,
            -2.789
          ],
          [
            1.169,
            -2.752
          ],
          [
            0.521,
            -0.775
          ]
        ]
      },
      {
        "id": 10,
        "district": "src/net",
        "boundary": [
          [
            -0.784,
            2.869
          ],
          [
            1.132,
            1.698
          ],
          [
            1.188,
            3.589
          ]
        ]
      },
      {
        "id": 11,
        "district": "src",
        "boundary": [
          [
            0.476,
            0.91
          ],
          [
            0.417,
            -0.219
          ],
          [
            0.816,
            0.182
          ]
        ]
      },
      {
        "id": 12,
        "district": "src",
        "boundary": [
          [
            0.476,
            0.91
          ],
          [
            0.816,
            0.182
          ],
          [
            1.825,
            -0.117
          ]
        ]
      },
      {
        "id": 13,
        "district": "src/auth",
        "boundary": [
          [
            1.132,
            1.698
          ],
          [
            0.476,
            0.91
          ],
          [
            1.825,
            -0.117
          ],
          [
            2.668,
            1.635
          ]
        ]
      },
      {
        "id": 14,
        "district": "",
        "boundary": [
          [
            0.417,
            -0.219
          ],
          [
            0.521,
            -0.775
          ],
          [
            1.825,
            -0.117
          ],
          [
            0.816,
            0.182
          ]
        ]
      },
      {
        "id": 15,
        "district": "docs",
        "boundary": [
          [
            0.521,
            -0.775
          ],
          [
            1.169,
            -2.752
          ],
          [
            3.157,
            -2.425
          ],
          [
            2.611,
            -0.919
          ],
          [
            1.825,
            -0.117
          ]
        ]
      },
      {
        "id": 16,
        "district": "src/net",
        "boundary": [
          [
            0.495,
            6.265
          ],
          [
            1.188,
            3.589
          ],
          [
            3.173,
            2.994
          ],
          [
            3.663,
            5.553
          ],
          [
            1.997,
            6.449
          ]
        ]
      },
      {
        "id": 17,
        "district": "src/net",
        "boundary": [
          [
            1.188,
            3.589
          ],
          [
            1.132,
            1.698
          ],
          [
            2.668,
            1.635
          ],
          [
            3.944,
            2.079
          ],
          [
            3.173,
            2.994
          ]
        ]
      },
      {
        "id": 18,
        "district": "docs",
        "boundary": [
          [
            1.825,
            -0.117
          ],
          [
            2.611,
            -0.919
          ],
          [
            4.041,
            0.05
          ],
          [
            3.944,
            2.079
          ],
          [
            2.668,
            1.635
          ]
        ]
      },
      {
        "id": 19,
        "district": "tests",
        "boundary": [
          [
            2.611,
            -0.919
          ],
          [
            3.157,
            -2.425
          ],
          [
            5.958,
            -2.408
          ],
          [
            5.762,
            -1.675
          ],
          [
            4.041,
            0.05
          ]
        ]
      },
      {
        "id": 20,
        "district": "examples",
        "boundary": [
          [
            3.173,
            2.994
          ],
          [
            3.944,
            2.079
          ],
          [
            5.403,
            5.414
          ],
          [
            3.663,
            5.553
          ]
        ]
      },
      {
        "id": 21,
        "district": "vendor/bignum",
        "boundary": [
          [
            3.944,
            2.079
          ],
          [
            4.041,
            0.05
          ],
          [
            5.762,
            -1.675
          ],
          [
            7.081,
            0.127
          ],
          [
            5.697,
            1.758
          ]
        ]
      },
      {
        "id": 22,
        "district": "examples",
        "boundary": [
          [
            5.403,
            5.414
          ],
          [
            3.944,
            2.079
          ],
          [
            5.697,
            1.758
          ],
          [
            7.415,
            4.146
          ]
        ]
      },
      {
        "id": 23,
        "district": "tests",
        "boundary": [
          [
            5.762,
            -1.675
          ],
          [
            5.958,
            -2.408
          ],
          [
            7.578,
            -3.486
          ],
          [
            9.603,
            -2.583
          ],
          [
            9.223,
            0.745
          ],
          [
            7.081,
            0.127
          ]
        ]
      },
      {
        "id": 24,
        "district": "vendor/leftpad",
        "boundary": [
          [
            5.697,
            1.758
          ],
          [
            7.081,
            0.127
          ],
          [
            9.223,
            0.745
          ],
          [
            9.136,
            3.822
          ],
          [
            7.415,
            4.146
          ]
        ]
      }
    ],
    "lots": [
      {
        "id": 0,
        "block": 0,
        "occupant": "src/ui/store.ts",
        "boundary": [
          [
            -3.271,
            2.904
          ],
          [
            -3.647,
            5.056
          ],
          [
            -6.812,
            4.538
          ],
          [
            -6.729,
            4.262
          ]
        ]
      },
      {
        "id": 1,
        "block": 0,
        "occupant": "src/ui/app.tsx",
        "boundary": [
          [
            -6.151,
            1.889
          ],
          [
            -7.858,
            -0.135
          ],
          [
            -6.191,
            -2.524
          ],
          [
            -4.841,
            1.067
          ],
          [
            -4.636,
            1.295
          ]
        ]
      },
      {
        "id": 2,
        "block": 0,
        "occupant": "src/ui/routes.ts",
        "boundary": [
          [
            -6.729,
            4.262
          ],
          [
            -6.053,
            2.006
          ],
          [
            -6.151,
            1.889
          ],
          [
            -4.636,
            1.295
          ],
          [
            -3.258,
            2.827
          ],
          [
            -3.271,
            2.904
          ]
        ]
      },
      {
        "id": 3,
        "block": 1,
        "occupant": "src/utils/helpers.rs",
        "boundary": [
          [
            -6.557,
            6.901
          ],
          [
            -6.812,
            4.538
          ],
          [
            -3.647,
            5.056
          ],
          [
            -1.472,
            6.384
          ],
          [
            -4.397,
            8.54
          ]
        ]
      },
      {
        "id": 4,
        "block": 2,
        "occupant": "src/ui/components/button.tsx",
        "boundary": [
          [
            -4.841,
            1.067
          ],
          [
            -5.742,
            -1.33
          ],
          [
            -3.751,
            -0.926
          ],
          [
            -4.648,
            0.999
          ]
        ]
      },
      {
        "id": 5,
        "block": 2,
        "occupant": "src/ui/components/table.tsx",
        "boundary": [
          [
            -5.742,
            -1.33
          ],
          [
            -6.191,
            -2.524
          ],
          [
            -3.663,
            -3.074
          ],
          [
            -2.972,
            -2.6
          ],
          [
            -3.751,
            -0.926
          ]
        ]
      },
      {
        "id": 6,
        "block": 2,
        "occupant": null,
        "boundary": [
          [
            -2.972,
            -2.6
          ],
          [
            -1.57,
            -1.638
          ],
          [
            -1.98,
            0.061
          ],
          [
            -4.648,
            0.999
          ]
        ]
      },
      {
        "id": 7,
        "block": 3,
        "occupant": "src/auth/providers/oauth/google.rs",
        "boundary": [
          [
            -4.048,
            1.948
          ],
          [
            -4.841,
            1.067
          ],
          [
            -3.54,
            0.61
          ],
          [
            -3.174,
            1.181
          ]
        ]
      },
      {
        "id": 8,
        "block": 3,
        "occupant": "src/auth/providers/oauth/github.rs",
        "boundary": [
          [
            -3.258,
            2.827
          ],
          [
            -4.048,
            1.948
          ],
          [
            -3.174,
            1.181
          ],
          [
            -2.66,
            1.985
          ]
        ]
      },
      {
        "id": 9,
        "block": 3,
        "occupant": null,
        "boundary": [
          [
            -3.54,
            0.61
          ],
          [
            -1.98,
            0.061
          ],
          [
            -1.701,
            0.636
          ],
          [
            -2.66,
            1.985
          ]
        ]
      },
      {
        "id": 10,
        "block": 4,
        "occupant": "src/café/módulo.rs",
        "boundary": [
          [
            -3.455,
            3.959
          ],
          [
            -3.258,
            2.827
          ],
          [
            -0.784,
            2.869
          ],
          [
            -1.003,
            3.99
          ]
        ]
      },
      {
        "id": 11,
        "block": 4,
        "occupant": "src/café/naïve.rs",
        "boundary": [
          [
            -3.647,
            5.056
          ],
          [
            -3.595,
            4.756
          ],
          [
            -1.159,
            4.787
          ],
          [
            -1.472,
            6.384
          ]
        ]
      },
      {
        "id": 12,
        "block": 4,
        "occupant": null,
        "boundary": [
          [
            -3.595,
            4.756
          ],
          [
            -3.455,
            3.959
          ],
          [
            -1.003,
            3.99
          ],
          [
            -1.159,
            4.787
          ]
        ]
      },
      {
        "id": 13,
        "block": 5,
        "occupant": "src/auth/providers/ldap.rs",
        "boundary": [
          [
            -3.258,
            2.827
          ],
          [
            -1.701,
            0.636
          ],
          [
            -0.784,
            2.869
          ]
        ]
      },
      {
        "id": 14,
        "block": 7,
        "occupant": "src/net/server.rs",
        "boundary": [
          [
            -1.472,
            6.384
          ],
          [
            -0.784,
            2.869
          ],
          [
            1.188,
            3.589
          ],
          [
            0.495,
            6.265
          ]
        ]
      },
      {
        "id": 15,
        "block": 8,
        "occupant": "src/auth/tokens.rs",
        "boundary": [
          [
            -0.784,
            2.869
          ],
          [
            -1.701,
            0.636
          ],
          [
            0.476,
            0.91
          ],
          [
            1.132,
            1.698
          ]
        ]
      },
      {
        "id": 16,
        "block": 9,
        "occupant": "README.md",
        "boundary": [
          [
            -1.57,
            -1.638
          ],
          [
            -0.759,
            -2.789
          ],
          [
            1.169,
            -2.752
          ],
          [
            0.521,
            -0.775
          ]
        ]
      },
      {
        "id": 17,
        "block": 10,
        "occupant": "src/net/client.rs",
        "boundary": [
          [
            -0.784,
            2.869
          ],
          [
            1.132,
            1.698
          ],
          [
            1.188,
            3.589
          ]
        ]
      },
      {
        "id": 18,
        "block": 11,
        "occupant": "src/lib.rs",
        "boundary": [
          [
            0.476,
            0.91
          ],
          [
            0.417,
            -0.219
          ],
          [
            0.816,
            0.182
          ]
        ]
      },
      {
        "id": 19,
        "block": 12,
        "occupant": "src/main.rs",
        "boundary": [
          [
            0.476,
            0.91
          ],
          [
            0.816,
            0.182
          ],
          [
            1.825,
            -0.117
          ]
        ]
      },
      {
        "id": 20,
        "block": 13,
        "occupant": "src/auth/session.rs",
        "boundary": [
          [
            1.132,
            1.698
          ],
          [
            0.476,
            0.91
          ],
          [
            1.825,
            -0.117
          ],
          [
            2.668,
            1.635
          ]
        ]
      },
      {
        "id": 21,
        "block": 14,
        "occupant": ".gitattributes",
        "boundary": [
          [
            0.417,
            -0.219
          ],
          [
            0.521,
            -0.775
          ],
          [
            1.825,
            -0.117
          ],
          [
            0.816,
            0.182
          ]
        ]
      },
      {
        "id": 22,
        "block": 15,
        "occupant": "docs/guide.md",
        "boundary": [
          [
            0.521,
            -0.775
          ],
          [
            1.169,
            -2.752
          ],
          [
            3.157,
            -2.425
          ],
          [
            2.611,
            -0.919
          ],
          [
            1.825,
            -0.117
          ]
        ]
      },
      {
        "id": 23,
        "block": 16,
        "occupant": null,
        "boundary": [
          [
            0.495,
            6.265
          ],
          [
            1.188,
            3.589
          ],
          [
            3.173,
            2.994
          ],
          [
            3.663,
            5.553
          ],
          [
            1.997,
            6.449
          ]
        ]
      },
      {
        "id": 24,
        "block": 17,
        "occupant": "src/net/gateway.rs",
        "boundary": [
          [
            1.188,
            3.589
          ],
          [
            1.132,
            1.698
          ],
          [
            2.668,
            1.635
          ],
          [
            3.944,
            2.079
          ],
          [
            3.173,
            2.994
          ]
        ]
      },
      {
        "id": 25,
        "block": 18,
        "occupant": "docs/日本語.md",
        "boundary": [
          [
            1.825,
            -0.117
          ],
          [
            2.611,
            -0.919
          ],
          [
            4.041,
            0.05
          ],
          [
            3.944,
            2.079
          ],
          [
            2.668,
            1.635
          ]
        ]
      },
      {
        "id": 26,
        "block": 19,
        "occupant": "tests/auth_test.rs",
        "boundary": [
          [
            2.611,
            -0.919
          ],
          [
            3.157,
            -2.425
          ],
          [
            5.958,
            -2.408
          ],
          [
            5.762,
            -1.675
          ],
          [
            4.041,
            0.05
          ]
        ]
      },
      {
        "id": 27,
        "block": 20,
        "occupant": "examples/basic.rs",
        "boundary": [
          [
            3.173,
            2.994
          ],
          [
            3.944,
            2.079
          ],
          [
            5.403,
            5.414
          ],
          [
            3.663,
            5.553
          ]
        ]
      },
      {
        "id": 28,
        "block": 21,
        "occupant": null,
        "boundary": [
          [
            3.944,
            2.079
          ],
          [
            4.041,
            0.05
          ],
          [
            5.762,
            -1.675
          ],
          [
            7.081,
            0.127
          ],
          [
            5.697,
            1.758
          ]
        ]
      },
      {
        "id": 29,
        "block": 22,
        "occupant": null,
        "boundary": [
          [
            5.403,
            5.414
          ],
          [
            3.944,
            2.079
          ],
          [
            5.697,
            1.758
          ],
          [
            7.415,
            4.146
          ]
        ]
      },
      {
        "id": 30,
        "block": 23,
        "occupant": "tests/net_test.rs",
        "boundary": [
          [
            5.762,
            -1.675
          ],
          [
            5.958,
            -2.408
          ],
          [
            7.578,
            -3.486
          ],
          [
            9.603,
            -2.583
          ],
          [
            9.223,
            0.745
          ],
          [
            7.081,
            0.127
          ]
        ]
      },
      {
        "id": 31,
        "block": 24,
        "occupant": null,
        "boundary": [
          [
            5.697,
            1.758
          ],
          [
            7.081,
            0.127
          ],
          [
            9.223,
            0.745
          ],
          [
            9.136,
            3.822
          ],
          [
            7.415,
            4.146
          ]
        ]
      }
    ],
    "buildings": [
      {
        "path": ".gitattributes",
        "lot": 21,
        "height": 1.163,
        "roof": "pitched",
        "rotation": 0.02,
        "footprint": [
          [
            1.022,
            -0.451
          ],
          [
            1.2,
            -0.361
          ],
          [
            1.011,
            -0.005
          ],
          [
            0.835,
            -0.099
          ]
        ]
      },
      {
        "path": "docs/guide.md",
        "lot": 22,
        "height": 2.681,
        "roof": "flat",
        "rotation": 0.062,
        "footprint": [
          [
            0.598,
            -0.807
          ],
          [
            1.212,
            -2.681
          ],
          [
            2.076,
            -2.538
          ],
          [
            1.256,
            -0.475
          ],
          [
            1.255,
            -0.476
          ]
        ]
      },
      {
        "path": "docs/日本語.md",
        "lot": 25,
        "height": 1.724,
        "roof": "stepped",
        "rotation": 0.031,
        "footprint": [
          [
            3.961,
            0.388
          ],
          [
            3.923,
            1.194
          ],
          [
            3.026,
            1.124
          ],
          [
            3.089,
            0.319
          ]
        ]
      },
      {
        "path": "examples/basic.rs",
        "lot": 27,
        "height": 1.869,
        "roof": "pitched",
        "rotation": -0.032,
        "footprint": [
          [
            4.407,
            3.296
          ],
          [
            4.829,
            4.26
          ],
          [
            3.836,
            4.733
          ],
          [
            3.392,
            3.802
          ],
          [
            3.388,
            3.781
          ]
        ]
      },
      {
        "path": "README.md",
        "lot": 16,
        "height": 1.747,
        "roof": "stepped",
        "rotation": -0.064,
        "footprint": [
          [
            -0.833,
            -2.064
          ],
          [
            0.26,
            -1.693
          ],
          [
            0.039,
            -1.042
          ],
          [
            -1.03,
            -1.484
          ]
        ]
      },
      {
        "path": "src/auth/providers/ldap.rs",
        "lot": 13,
        "height": 2.453,
        "roof": "stepped",
        "rotation": -0.027,
        "footprint": [
          [
            -2.804,
            2.297
          ],
          [
            -2.049,
            1.235
          ],
          [
            -1.399,
            1.671
          ],
          [
            -2.124,
            2.753
          ]
        ]
      },
      {
        "path": "src/auth/providers/oauth/github.rs",
        "lot": 8,
        "height": 2.417,
        "roof": "stepped",
        "rotation": 0.023,
        "footprint": [
          [
            -3.264,
            2.726
          ],
          [
            -3.998,
            1.91
          ],
          [
            -3.273,
            1.274
          ],
          [
            -2.704,
            1.937
          ]
        ]
      },
      {
        "path": "src/auth/providers/oauth/google.rs",
        "lot": 7,
        "height": 2.291,
        "roof": "pitched",
        "rotation": -0.061,
        "footprint": [
          [
            -4.136,
            1.756
          ],
          [
            -4.73,
            1.095
          ],
          [
            -3.509,
            0.666
          ],
          [
            -3.18,
            1.18
          ],
          [
            -3.558,
            1.512
          ]
        ]
      },
      {
        "path": "src/auth/session.rs",
        "lot": 20,
        "height": 2.288,
        "roof": "flat",
        "rotation": -0.069,
        "footprint": [
          [
            1.32,
            0.348
          ],
          [
            1.434,
            0.26
          ],
          [
            1.828,
            0.036
          ],
          [
            2.542,
            1.52
          ],
          [
            2.435,
            1.581
          ],
          [
            2.031,
            1.598
          ]
        ]
      },
      {
        "path": "src/auth/tokens.rs",
        "lot": 15,
        "height": 2.015,
        "roof": "stepped",
        "rotation": -0.069,
        "footprint": [
          [
            -0.792,
            2.683
          ],
          [
            -1.563,
            0.806
          ],
          [
            -1.42,
            0.735
          ],
          [
            -0.884,
            0.803
          ],
          [
            -0.12,
            2.351
          ]
        ]
      },
      {
        "path": "src/café/módulo.rs",
        "lot": 10,
        "height": 1.717,
        "roof": "stepped",
        "rotation": -0.045,
        "footprint": [
          [
            -2.997,
            2.895
          ],
          [
            -1.245,
            2.925
          ],
          [
            -1.223,
            3.705
          ],
          [
            -2.973,
            3.754
          ]
        ]
      },
      {
        "path": "src/café/naïve.rs",
        "lot": 11,
        "height": 2.223,
        "roof": "stepped",
        "rotation": 0.054,
        "footprint": [
          [
            -2.894,
            4.782
          ],
          [
            -2.41,
            4.788
          ],
          [
            -1.544,
            5.383
          ],
          [
            -1.971,
            6.005
          ],
          [
            -3.213,
            5.247
          ]
        ]
      },
      {
        "path": "src/lib.rs",
        "lot": 18,
        "height": 6.0,
        "roof": "stepped",
        "rotation": 0.055,
        "footprint": [
          [
            0.522,
            0.578
          ],
          [
            0.493,
            0.018
          ],
          [
            0.563,
            0.018
          ],
          [
            0.715,
            0.17
          ],
          [
            0.714,
            0.249
          ],
          [
            0.561,
            0.578
          ]
        ]
      },
      {
        "path": "src/main.rs",
        "lot": 19,
        "height": 6.0,
        "roof": "stepped",
        "rotation": -0.041,
        "footprint": [
          [
            0.71,
            0.559
          ],
          [
            0.835,
            0.291
          ],
          [
            0.926,
            0.216
          ],
          [
            1.361,
            0.087
          ],
          [
            1.397,
            0.129
          ],
          [
            0.757,
            0.616
          ]
        ]
      },
      {
        "path": "src/net/client.rs",
        "lot": 17,
        "height": 2.38,
        "roof": "stepped",
        "rotation": 0.05,
        "footprint": [
          [
            -0.26,
            2.623
          ],
          [
            0.693,
            2.041
          ],
          [
            1.008,
            2.619
          ],
          [
            0.088,
            3.12
          ],
          [
            -0.009,
            3.084
          ]
        ]
      },
      {
        "path": "src/net/gateway.rs",
        "lot": 24,
        "height": 1.769,
        "roof": "flat",
        "rotation": 0.052,
        "footprint": [
          [
            1.835,
            2.366
          ],
          [
            2.968,
            2.09
          ],
          [
            3.166,
            2.903
          ],
          [
            3.137,
            2.939
          ],
          [
            2.054,
            3.263
          ]
        ]
      },
      {
        "path": "src/net/server.rs",
        "lot": 14,
        "height": 6.0,
        "roof": "stepped",
        "rotation": 0.06,
        "footprint": [
          [
            -1.282,
            5.746
          ],
          [
            -0.847,
            3.524
          ],
          [
            0.244,
            3.806
          ],
          [
            -0.322,
            5.995
          ]
        ]
      },
      {
        "path": "src/ui/app.tsx",
        "lot": 1,
        "height": 6.0,
        "roof": "stepped",
        "rotation": -0.055,
        "footprint": [
          [
            -7.187,
            -0.986
          ],
          [
            -7.006,
            -1.245
          ],
          [
            -4.896,
            1.101
          ],
          [
            -4.817,
            1.312
          ],
          [
            -5.975,
            1.767
          ]
        ]
      },
      {
        "path": "src/ui/components/button.tsx",
        "lot": 4,
        "height": 2.194,
        "roof": "stepped",
        "rotation": -0.011,
        "footprint": [
          [
            -4.928,
            0.655
          ],
          [
            -5.525,
            -0.934
          ],
          [
            -5.001,
            -1.138
          ],
          [
            -4.726,
            -1.082
          ],
          [
            -4.271,
            0.091
          ],
          [
            -4.446,
            0.468
          ]
        ]
      },
      {
        "path": "src/ui/components/table.tsx",
        "lot": 5,
        "height": 3.119,
        "roof": "flat",
        "rotation": 0.041,
        "footprint": [
          [
            -5.773,
            -1.592
          ],
          [
            -5.866,
            -1.84
          ],
          [
            -5.982,
            -2.504
          ],
          [
            -3.676,
            -3.006
          ],
          [
            -3.186,
            -2.67
          ],
          [
            -3.134,
            -2.37
          ],
          [
            -3.294,
            -2.025
          ]
        ]
      },
      {
        "path": "src/ui/routes.ts",
        "lot": 2,
        "height": 6.0,
        "roof": "stepped",
        "rotation": -0.011,
        "footprint": [
          [
            -4.858,
            3.325
          ],
          [
            -5.982,
            1.991
          ],
          [
            -5.943,
            1.861
          ],
          [
            -4.664,
            1.359
          ],
          [
            -4.382,
            1.672
          ]
        ]
      },
      {
        "path": "src/ui/store.ts",
        "lot": 0,
        "height": 1.427,
        "roof": "flat",
        "rotation": 0.061,
        "footprint": [
          [
            -4.712,
            4.817
          ],
          [
            -5.717,
            4.653
          ],
          [
            -5.534,
            3.846
          ],
          [
            -5.282,
            3.747
          ],
          [
            -4.508,
            3.922
          ]
        ]
      },
      {
        "path": "src/utils/helpers.rs",
        "lot": 3,
        "height": 1.563,
        "roof": "pitched",
        "rotation": 0.0,
        "footprint": [
          [
            -2.854,
            7.324
          ],
          [
            -3.469,
            7.777
          ],
          [
            -4.324,
            6.618
          ],
          [
            -3.709,
            6.164
          ]
        ]
      },
      {
        "path": "tests/auth_test.rs",
        "lot": 26,
        "height": 2.162,
        "roof": "pitched",
        "rotation": 0.041,
        "footprint": [
          [
            3.607,
            -2.359
          ],
          [
            5.175,
            -2.349
          ],
          [
            5.126,
            -1.319
          ],
          [
            3.562,
            -1.393
          ]
        ]
      },
      {
        "path": "tests/net_test.rs",
        "lot": 30,
        "height": 1.823,
        "roof": "stepped",
        "rotation": 0.024,
        "footprint": [
          [
            9.437,
            -1.693
          ],
          [
            9.306,
            -0.539
          ],
          [
            8.048,
            -0.714
          ],
          [
            8.207,
            -1.863
          ]
        ]
      }
    ],
    "districts": [
      {
        "path": "",
        "centre": [
          0.449,
          -0.548
        ],
        "blocks": [
          6,
          9,
          14
        ],
        "boundary": [
          [
            -1.98,
            0.061
          ],
          [
            -1.57,
            -1.638
          ],
          [
            -0.759,
            -2.789
          ],
          [
            1.169,
            -2.752
          ],
          [
            1.825,
            -0.117
          ],
          [
            0.476,
            0.91
          ],
          [
            -1.701,
            0.636
          ]
        ]
      },
      {
        "path": "docs",
        "centre": [
          2.25,
          -0.418
        ],
        "blocks": [
          15,
          18
        ],
        "boundary": [
          [
            0.521,
            -0.775
          ],
          [
            1.169,
            -2.752
          ],
          [
            3.157,
            -2.425
          ],
          [
            4.041,
            0.05
          ],
          [
            3.944,
            2.079
          ],
          [
            2.668,
            1.635
          ]
        ]
      },
      {
        "path": "examples",
        "centre": [
          4.917,
          3.74
        ],
        "blocks": [
          20,
          22
        ],
        "boundary": [
          [
            3.173,
            2.994
          ],
          [
            3.944,
            2.079
          ],
          [
            5.697,
            1.758
          ],
          [
            7.415,
            4.146
          ],
          [
            5.403,
            5.414
          ],
          [
            3.663,
            5.553
          ]
        ]
      },
      {
        "path": "src",
        "centre": [
          0.746,
          0.352
        ],
        "blocks": [
          11,
          12
        ],
        "boundary": [
          [
            0.417,
            -0.219
          ],
          [
            1.825,
            -0.117
          ],
          [
            0.476,
            0.91
          ]
        ]
      },
      {
        "path": "src/auth",
        "centre": [
          0.759,
          0.938
        ],
        "blocks": [
          8,
          13
        ],
        "boundary": [
          [
            -1.701,
            0.636
          ],
          [
            1.825,
            -0.117
          ],
          [
            2.668,
            1.635
          ],
          [
            -0.784,
            2.869
          ]
        ]
      },
      {
        "path": "src/auth/providers",
        "centre": [
          -1.695,
          2.451
        ],
        "blocks": [
          5
        ],
        "boundary": [
          [
            -3.258,
            2.827
          ],
          [
            -1.701,
            0.636
          ],
          [
            -0.784,
            2.869
          ]
        ]
      },
      {
        "path": "src/auth/providers/oauth",
        "centre": [
          -3.235,
          1.594
        ],
        "blocks": [
          3
        ],
        "boundary": [
          [
            -4.841,
            1.067
          ],
          [
            -1.98,
            0.061
          ],
          [
            -1.701,
            0.636
          ],
          [
            -3.258,
            2.827
          ]
        ]
      },
      {
        "path": "src/café",
        "centre": [
          -2.502,
          3.803
        ],
        "blocks": [
          4
        ],
        "boundary": [
          [
            -3.647,
            5.056
          ],
          [
            -3.258,
            2.827
          ],
          [
            -0.784,
            2.869
          ],
          [
            -1.472,
            6.384
          ]
        ]
      },
      {
        "path": "src/net",
        "centre": [
          1.262,
          3.291
        ],
        "blocks": [
          7,
          10,
          16,
          17
        ],
        "boundary": [
          [
            -1.472,
            6.384
          ],
          [
            -0.784,
            2.869
          ],
          [
            1.132,
            1.698
          ],
          [
            2.668,
            1.635
          ],
          [
            3.944,
            2.079
          ],
          [
            3.663,
            5.553
          ],
          [
            1.997,
            6.449
          ]
        ]
      },
      {
        "path": "src/ui",
        "centre": [
          -5.398,
          1.823
        ],
        "blocks": [
          0
        ],
        "boundary": [
          [
            -7.858,
            -0.135
          ],
          [
            -6.191,
            -2.524
          ],
          [
            -3.258,
            2.827
          ],
          [
            -3.647,
            5.056
          ],
          [
            -6.812,
            4.538
          ]
        ]
      },
      {
        "path": "src/ui/components",
        "centre": [
          -3.549,
          -1.149
        ],
        "blocks": [
          2
        ],
        "boundary": [
          [
            -6.191,
            -2.524
          ],
          [
            -3.663,
            -3.074
          ],
          [
            -1.57,
            -1.638
          ],
          [
            -1.98,
            0.061
          ],
          [
            -4.841,
            1.067
          ]
        ]
      },
      {
        "path": "src/utils",
        "centre": [
          -4.644,
          6.43
        ],
        "blocks": [
          1
        ],
        "boundary": [
          [
            -6.812,
            4.538
          ],
          [
            -3.647,
            5.056
          ],
          [
            -1.472,
            6.384
          ],
          [
            -4.397,
            8.54
          ],
          [
            -6.557,
            6.901
          ]
        ]
      },
      {
        "path": "tests",
        "centre": [
          5.84,
          -1.364
        ],
        "blocks": [
          19,
          23
        ],
        "boundary": [
          [
            2.611,
            -0.919
          ],
          [
            3.157,
            -2.425
          ],
          [
            7.578,
            -3.486
          ],
          [
            9.603,
            -2.583
          ],
          [
            9.223,
            0.745
          ],
          [
            4.041,
            0.05
          ]
        ]
      },
      {
        "path": "vendor/bignum",
        "centre": [
          4.957,
          0.247
        ],
        "blocks": [
          21
        ],
        "boundary": [
          [
            3.944,
            2.079
          ],
          [
            4.041,
            0.05
          ],
          [
            5.762,
            -1.675
          ],
          [
            7.081,
            0.127
          ],
          [
            5.697,
            1.758
          ]
        ]
      },
      {
        "path": "vendor/leftpad",
        "centre": [
          7.308,
          2.243
        ],
        "blocks": [
          24
        ],
        "boundary": [
          [
            5.697,
            1.758
          ],
          [
            7.081,
            0.127
          ],
          [
            9.223,
            0.745
          ],
          [
            9.136,
            3.822
          ],
          [
            7.415,
            4.146
          ]
        ]
      }
    ],
    "streets": []
  },
  "terrain": {
    "seed": "0x91d51b0b7c25dbd8",
    "extent": 8.649,
    "octaves": 3,
    "relief": 1.297,
    "districts": 15,
    "digest": "0x17907840a3b5ae76"
  },
  "monuments": [
    {
      "path": "src/main.rs",
      "rank": 0,
      "entry": "main",
      "inbound": 0,
      "top_decile": false
    },
    {
      "path": "src/lib.rs",
      "rank": 1,
      "entry": "library-root",
      "inbound": 0,
      "top_decile": false
    },
    {
      "path": "src/net/server.rs",
      "rank": 2,
      "entry": "server",
      "inbound": 0,
      "top_decile": false
    },
    {
      "path": "src/ui/routes.ts",
      "rank": 3,
      "entry": "router",
      "inbound": 0,
      "top_decile": false
    },
    {
      "path": "src/ui/app.tsx",
      "rank": 4,
      "entry": "index",
      "inbound": 0,
      "top_decile": false
    }
  ],
  "industrial": [
    {
      "district": "vendor/bignum",
      "host": "vendor/bignum",
      "files": 1,
      "bytes": 33327,
      "boundary": [
        [
          3.944,
          2.079
        ],
        [
          4.041,
          0.05
        ],
        [
          5.762,
          -1.675
        ],
        [
          7.081,
          0.127
        ],
        [
          5.697,
          1.758
        ]
      ]
    },
    {
      "district": "vendor/leftpad",
      "host": "vendor/leftpad",
      "files": 2,
      "bytes": 941,
      "boundary": [
        [
          5.697,
          1.758
        ],
        [
          7.081,
          0.127
        ],
        [
          9.223,
          0.745
        ],
        [
          9.136,
          3.822
        ],
        [
          7.415,
          4.146
        ]
      ]
    }
  ],
  "vacancies": [],
  "host_of": [
    [
      "",
      ""
    ],
    [
      "docs",
      "docs"
    ],
    [
      "examples",
      "examples"
    ],
    [
      "src",
      "src"
    ],
    [
      "src/auth",
      "src/auth"
    ],
    [
      "src/auth/providers",
      "src/auth/providers"
    ],
    [
      "src/auth/providers/oauth",
      "src/auth/providers/oauth"
    ],
    [
      "src/café",
      "src/café"
    ],
    [
      "src/net",
      "src/net"
    ],
    [
      "src/ui",
      "src/ui"
    ],
    [
      "src/ui/components",
      "src/ui/components"
    ],
    [
      "src/utils",
      "src/utils"
    ],
    [
      "tests",
      "tests"
    ],
    [
      "vendor/bignum",
      "vendor/bignum"
    ],
    [
      "vendor/leftpad",
      "vendor/leftpad"
    ]
  ],
  "overflow": [],
  "report": {
    "files": 28,
    "buildings": 25,
    "blocks": 25,
    "open_blocks": 0,
    "slivers": 1,
    "lots": 32,
    "empty_lots": 7,
    "massed": 3,
    "overflow": 0,
    "unbuilt": 0,
    "plots": 26,
    "road_nodes": 43,
    "road_segments": 67,
    "components": 1,
    "cycles": 25,
    "junctions": 33,
    "complex_junctions": 11,
    "dangling": 0,
    "crossings": 0,
    "districts": 15,
    "fragmented_districts": 0,
    "fragmented_subtrees": 0,
    "fragmented_packages": 0,
    "shared_faces": 0,
    "faceless_districts": 0,
    "presplit_districts": 0,
    "settled_nonadjacent": 0,
    "settled_on_fringe": 0,
    "relaxed_to_ancestor": 0,
    "relaxed_to_anywhere": 0,
    "detached_placements": 0,
    "unhoused": 0,
    "plots_off_face": 0,
    "empty_cells": 0,
    "age_gradient_x100": 486,
    "monuments": 5,
    "age_ramp": "calibrated",
    "history_days": 626,
    "old_town_files": 20,
    "core_files": 20,
    "age_equalisation_x100": 0
  }
}
