---
source: polis-layout/tests/m1_gate.rs
expression: snapshot
---
{
  "layout": {
    "format": 3,
    "schema": 1,
    "quantum": 0.001,
    "extent": 13.525,
    "roads": {
      "snap_tolerance": 0.004,
      "nodes": [
        [
          -7.095,
          4.249
        ],
        [
          -5.919,
          7.177
        ],
        [
          -6.246,
          0.597
        ],
        [
          -5.645,
          2.849
        ],
        [
          -5.83,
          -3.142
        ],
        [
          -5.006,
          -1.078
        ],
        [
          -4.818,
          8.92
        ],
        [
          -4.285,
          4.778
        ],
        [
          -3.118,
          -4.614
        ],
        [
          -3.4,
          1.494
        ],
        [
          -3.029,
          0.824
        ],
        [
          -2.628,
          9.505
        ],
        [
          -2.549,
          -1.01
        ],
        [
          -2.405,
          2.974
        ],
        [
          -1.325,
          6.019
        ],
        [
          -1.814,
          -1.829
        ],
        [
          -1.634,
          1.885
        ],
        [
          -1.626,
          4.362
        ],
        [
          -0.176,
          1.545
        ],
        [
          0.395,
          6.509
        ],
        [
          0.58,
          3.335
        ],
        [
          0.838,
          -0.618
        ],
        [
          1.667,
          -3.287
        ],
        [
          2.057,
          -1.096
        ],
        [
          1.894,
          6.303
        ],
        [
          2.278,
          1.205
        ],
        [
          2.827,
          -4.77
        ],
        [
          2.793,
          3.254
        ],
        [
          3.282,
          3.193
        ],
        [
          3.156,
          5.134
        ],
        [
          4.325,
          0.909
        ],
        [
          4.836,
          -1.505
        ],
        [
          5.706,
          -4.146
        ],
        [
          5.54,
          2.974
        ],
        [
          6.372,
          6.158
        ],
        [
          6.156,
          1.516
        ],
        [
          8.043,
          0.606
        ],
        [
          8.822,
          1.182
        ],
        [
          8.82,
          3.062
        ],
        [
          10.126,
          6.475
        ],
        [
          9.388,
          -2.508
        ],
        [
          10.825,
          1.948
        ],
        [
          12.973,
          3.826
        ]
      ],
      "segments": [
        {
          "from": 0,
          "to": 1,
          "class": "street"
        },
        {
          "from": 0,
          "to": 3,
          "class": "street"
        },
        {
          "from": 1,
          "to": 6,
          "class": "street"
        },
        {
          "from": 1,
          "to": 7,
          "class": "alley"
        },
        {
          "from": 1,
          "to": 14,
          "class": "street"
        },
        {
          "from": 2,
          "to": 3,
          "class": "street"
        },
        {
          "from": 2,
          "to": 5,
          "class": "street"
        },
        {
          "from": 3,
          "to": 7,
          "class": "street"
        },
        {
          "from": 3,
          "to": 9,
          "class": "street"
        },
        {
          "from": 3,
          "to": 13,
          "class": "alley"
        },
        {
          "from": 4,
          "to": 5,
          "class": "street"
        },
        {
          "from": 4,
          "to": 8,
          "class": "street"
        },
        {
          "from": 5,
          "to": 12,
          "class": "street"
        },
        {
          "from": 6,
          "to": 11,
          "class": "street"
        },
        {
          "from": 7,
          "to": 14,
          "class": "street"
        },
        {
          "from": 8,
          "to": 15,
          "class": "street"
        },
        {
          "from": 9,
          "to": 10,
          "class": "street"
        },
        {
          "from": 9,
          "to": 13,
          "class": "street"
        },
        {
          "from": 10,
          "to": 12,
          "class": "street"
        },
        {
          "from": 10,
          "to": 16,
          "class": "street"
        },
        {
          "from": 11,
          "to": 14,
          "class": "street"
        },
        {
          "from": 12,
          "to": 15,
          "class": "arterial"
        },
        {
          "from": 13,
          "to": 16,
          "class": "street"
        },
        {
          "from": 13,
          "to": 17,
          "class": "street"
        },
        {
          "from": 14,
          "to": 17,
          "class": "arterial"
        },
        {
          "from": 14,
          "to": 19,
          "class": "arterial"
        },
        {
          "from": 14,
          "to": 20,
          "class": "arterial"
        },
        {
          "from": 15,
          "to": 18,
          "class": "arterial"
        },
        {
          "from": 15,
          "to": 21,
          "class": "alley"
        },
        {
          "from": 15,
          "to": 22,
          "class": "arterial"
        },
        {
          "from": 16,
          "to": 18,
          "class": "street"
        },
        {
          "from": 17,
          "to": 18,
          "class": "arterial"
        },
        {
          "from": 18,
          "to": 20,
          "class": "street"
        },
        {
          "from": 18,
          "to": 21,
          "class": "street"
        },
        {
          "from": 18,
          "to": 25,
          "class": "arterial"
        },
        {
          "from": 19,
          "to": 24,
          "class": "arterial"
        },
        {
          "from": 20,
          "to": 27,
          "class": "street"
        },
        {
          "from": 21,
          "to": 23,
          "class": "street"
        },
        {
          "from": 22,
          "to": 23,
          "class": "alley"
        },
        {
          "from": 22,
          "to": 26,
          "class": "street"
        },
        {
          "from": 23,
          "to": 25,
          "class": "street"
        },
        {
          "from": 23,
          "to": 31,
          "class": "street"
        },
        {
          "from": 24,
          "to": 29,
          "class": "street"
        },
        {
          "from": 25,
          "to": 27,
          "class": "street"
        },
        {
          "from": 25,
          "to": 30,
          "class": "street"
        },
        {
          "from": 26,
          "to": 32,
          "class": "street"
        },
        {
          "from": 27,
          "to": 28,
          "class": "alley"
        },
        {
          "from": 28,
          "to": 29,
          "class": "street"
        },
        {
          "from": 28,
          "to": 30,
          "class": "street"
        },
        {
          "from": 28,
          "to": 33,
          "class": "alley"
        },
        {
          "from": 29,
          "to": 34,
          "class": "street"
        },
        {
          "from": 30,
          "to": 35,
          "class": "street"
        },
        {
          "from": 31,
          "to": 32,
          "class": "street"
        },
        {
          "from": 31,
          "to": 36,
          "class": "street"
        },
        {
          "from": 32,
          "to": 40,
          "class": "street"
        },
        {
          "from": 33,
          "to": 34,
          "class": "street"
        },
        {
          "from": 33,
          "to": 35,
          "class": "street"
        },
        {
          "from": 34,
          "to": 38,
          "class": "street"
        },
        {
          "from": 34,
          "to": 39,
          "class": "street"
        },
        {
          "from": 35,
          "to": 36,
          "class": "street"
        },
        {
          "from": 36,
          "to": 37,
          "class": "street"
        },
        {
          "from": 37,
          "to": 38,
          "class": "street"
        },
        {
          "from": 37,
          "to": 40,
          "class": "street"
        },
        {
          "from": 37,
          "to": 41,
          "class": "street"
        },
        {
          "from": 38,
          "to": 39,
          "class": "street"
        },
        {
          "from": 39,
          "to": 42,
          "class": "street"
        },
        {
          "from": 41,
          "to": 42,
          "class": "street"
        }
      ]
    },
    "blocks": [
      {
        "id": 0,
        "district": "src/ui",
        "boundary": [
          [
            -5.919,
            7.177
          ],
          [
            -7.095,
            4.249
          ],
          [
            -5.645,
            2.849
          ],
          [
            -4.285,
            4.778
          ]
        ]
      },
      {
        "id": 1,
        "district": "src/ui/components",
        "boundary": [
          [
            -4.818,
            8.92
          ],
          [
            -5.919,
            7.177
          ],
          [
            -1.325,
            6.019
          ],
          [
            -2.628,
            9.505
          ]
        ]
      },
      {
        "id": 2,
        "district": "src/ui",
        "boundary": [
          [
            -5.919,
            7.177
          ],
          [
            -4.285,
            4.778
          ],
          [
            -1.325,
            6.019
          ]
        ]
      },
      {
        "id": 3,
        "district": "src/utils",
        "boundary": [
          [
            -5.645,
            2.849
          ],
          [
            -6.246,
            0.597
          ],
          [
            -5.006,
            -1.078
          ],
          [
            -2.549,
            -1.01
          ],
          [
            -3.029,
            0.824
          ],
          [
            -3.4,
            1.494
          ]
        ]
      },
      {
        "id": 4,
        "district": "src/ui",
        "boundary": [
          [
            -4.285,
            4.778
          ],
          [
            -5.645,
            2.849
          ],
          [
            -2.405,
            2.974
          ],
          [
            -1.626,
            4.362
          ],
          [
            -1.325,
            6.019
          ]
        ]
      },
      {
        "id": 5,
        "district": "src/ui",
        "boundary": [
          [
            -5.645,
            2.849
          ],
          [
            -3.4,
            1.494
          ],
          [
            -2.405,
            2.974
          ]
        ]
      },
      {
        "id": 6,
        "district": "src/auth",
        "boundary": [
          [
            -5.006,
            -1.078
          ],
          [
            -5.83,
            -3.142
          ],
          [
            -3.118,
            -4.614
          ],
          [
            -1.814,
            -1.829
          ],
          [
            -2.549,
            -1.01
          ]
        ]
      },
      {
        "id": 7,
        "district": "src/café",
        "boundary": [
          [
            -3.4,
            1.494
          ],
          [
            -3.029,
            0.824
          ],
          [
            -1.634,
            1.885
          ],
          [
            -2.405,
            2.974
          ]
        ]
      },
      {
        "id": 8,
        "district": "src/auth",
        "boundary": [
          [
            -3.029,
            0.824
          ],
          [
            -2.549,
            -1.01
          ],
          [
            -1.814,
            -1.829
          ],
          [
            -0.176,
            1.545
          ],
          [
            -1.634,
            1.885
          ]
        ]
      },
      {
        "id": 9,
        "district": "src/auth",
        "boundary": [
          [
            -2.405,
            2.974
          ],
          [
            -1.634,
            1.885
          ],
          [
            -0.176,
            1.545
          ],
          [
            -1.626,
            4.362
          ]
        ]
      },
      {
        "id": 10,
        "district": "src/auth/providers/oauth",
        "boundary": [
          [
            -1.325,
            6.019
          ],
          [
            -1.626,
            4.362
          ],
          [
            -0.176,
            1.545
          ],
          [
            0.58,
            3.335
          ]
        ]
      },
      {
        "id": 11,
        "district": "src/net",
        "boundary": [
          [
            0.395,
            6.509
          ],
          [
            -1.325,
            6.019
          ],
          [
            0.58,
            3.335
          ],
          [
            2.793,
            3.254
          ],
          [
            3.282,
            3.193
          ],
          [
            3.156,
            5.134
          ],
          [
            1.894,
            6.303
          ]
        ]
      },
      {
        "id": 12,
        "district": "",
        "boundary": [
          [
            -0.176,
            1.545
          ],
          [
            -1.814,
            -1.829
          ],
          [
            0.838,
            -0.618
          ]
        ]
      },
      {
        "id": 13,
        "district": "",
        "boundary": [
          [
            0.838,
            -0.618
          ],
          [
            -1.814,
            -1.829
          ],
          [
            1.667,
            -3.287
          ],
          [
            2.057,
            -1.096
          ]
        ]
      },
      {
        "id": 14,
        "district": "src/auth/providers",
        "boundary": [
          [
            0.58,
            3.335
          ],
          [
            -0.176,
            1.545
          ],
          [
            2.278,
            1.205
          ],
          [
            2.793,
            3.254
          ]
        ]
      },
      {
        "id": 15,
        "district": "src",
        "boundary": [
          [
            -0.176,
            1.545
          ],
          [
            0.838,
            -0.618
          ],
          [
            2.057,
            -1.096
          ],
          [
            2.278,
            1.205
          ]
        ]
      },
      {
        "id": 16,
        "district": "",
        "boundary": [
          [
            2.057,
            -1.096
          ],
          [
            1.667,
            -3.287
          ],
          [
            2.827,
            -4.77
          ],
          [
            5.706,
            -4.146
          ],
          [
            4.836,
            -1.505
          ]
        ]
      },
      {
        "id": 17,
        "district": "src/net",
        "boundary": [
          [
            2.278,
            1.205
          ],
          [
            2.057,
            -1.096
          ],
          [
            4.836,
            -1.505
          ],
          [
            8.043,
            0.606
          ],
          [
            6.156,
            1.516
          ],
          [
            4.325,
            0.909
          ]
        ]
      },
      {
        "id": 18,
        "district": "src/net",
        "boundary": [
          [
            2.793,
            3.254
          ],
          [
            2.278,
            1.205
          ],
          [
            4.325,
            0.909
          ],
          [
            3.282,
            3.193
          ]
        ]
      },
      {
        "id": 19,
        "district": "docs",
        "boundary": [
          [
            3.156,
            5.134
          ],
          [
            3.282,
            3.193
          ],
          [
            5.54,
            2.974
          ],
          [
            6.372,
            6.158
          ]
        ]
      },
      {
        "id": 20,
        "district": "docs",
        "boundary": [
          [
            3.282,
            3.193
          ],
          [
            4.325,
            0.909
          ],
          [
            6.156,
            1.516
          ],
          [
            5.54,
            2.974
          ]
        ]
      },
      {
        "id": 21,
        "district": "vendor/leftpad",
        "boundary": [
          [
            4.836,
            -1.505
          ],
          [
            5.706,
            -4.146
          ],
          [
            9.388,
            -2.508
          ],
          [
            8.822,
            1.182
          ],
          [
            8.043,
            0.606
          ]
        ]
      },
      {
        "id": 22,
        "district": "vendor/bignum",
        "boundary": [
          [
            6.372,
            6.158
          ],
          [
            5.54,
            2.974
          ],
          [
            6.156,
            1.516
          ],
          [
            8.043,
            0.606
          ],
          [
            8.822,
            1.182
          ],
          [
            8.82,
            3.062
          ]
        ]
      },
      {
        "id": 23,
        "district": "tests",
        "boundary": [
          [
            6.372,
            6.158
          ],
          [
            8.82,
            3.062
          ],
          [
            10.126,
            6.475
          ]
        ]
      },
      {
        "id": 24,
        "district": "examples",
        "boundary": [
          [
            8.82,
            3.062
          ],
          [
            8.822,
            1.182
          ],
          [
            10.825,
            1.948
          ],
          [
            12.973,
            3.826
          ],
          [
            10.126,
            6.475
          ]
        ]
      }
    ],
    "lots": [
      {
        "id": 0,
        "block": 0,
        "occupant": null,
        "boundary": [
          [
            -5.919,
            7.177
          ],
          [
            -7.095,
            4.249
          ],
          [
            -5.645,
            2.849
          ],
          [
            -4.285,
            4.778
          ]
        ]
      },
      {
        "id": 1,
        "block": 1,
        "occupant": "src/ui/components/button.tsx",
        "boundary": [
          [
            -5.506,
            7.831
          ],
          [
            -5.919,
            7.177
          ],
          [
            -4.065,
            6.71
          ],
          [
            -3.885,
            7.422
          ]
        ]
      },
      {
        "id": 2,
        "block": 1,
        "occupant": "src/ui/components/table.tsx",
        "boundary": [
          [
            -3.176,
            6.486
          ],
          [
            -1.325,
            6.019
          ],
          [
            -2.501,
            9.164
          ]
        ]
      },
      {
        "id": 3,
        "block": 1,
        "occupant": null,
        "boundary": [
          [
            -4.818,
            8.92
          ],
          [
            -5.506,
            7.831
          ],
          [
            -3.885,
            7.422
          ],
          [
            -3.413,
            9.295
          ]
        ]
      },
      {
        "id": 4,
        "block": 1,
        "occupant": null,
        "boundary": [
          [
            -4.065,
            6.71
          ],
          [
            -3.176,
            6.486
          ],
          [
            -2.501,
            9.164
          ],
          [
            -2.628,
            9.505
          ],
          [
            -3.413,
            9.295
          ]
        ]
      },
      {
        "id": 5,
        "block": 2,
        "occupant": "src/ui/store.ts",
        "boundary": [
          [
            -5.919,
            7.177
          ],
          [
            -4.39,
            4.932
          ],
          [
            -3.949,
            6.681
          ]
        ]
      },
      {
        "id": 6,
        "block": 2,
        "occupant": null,
        "boundary": [
          [
            -4.39,
            4.932
          ],
          [
            -4.285,
            4.778
          ],
          [
            -1.325,
            6.019
          ],
          [
            -3.949,
            6.681
          ]
        ]
      },
      {
        "id": 7,
        "block": 3,
        "occupant": "src/utils/helpers.rs",
        "boundary": [
          [
            -5.645,
            2.849
          ],
          [
            -6.246,
            0.597
          ],
          [
            -5.006,
            -1.078
          ],
          [
            -2.549,
            -1.01
          ],
          [
            -3.029,
            0.824
          ],
          [
            -3.4,
            1.494
          ]
        ]
      },
      {
        "id": 8,
        "block": 4,
        "occupant": "src/ui/routes.ts",
        "boundary": [
          [
            -4.285,
            4.778
          ],
          [
            -5.645,
            2.849
          ],
          [
            -2.405,
            2.974
          ],
          [
            -1.626,
            4.362
          ],
          [
            -1.325,
            6.019
          ]
        ]
      },
      {
        "id": 9,
        "block": 5,
        "occupant": "src/ui/app.tsx",
        "boundary": [
          [
            -5.645,
            2.849
          ],
          [
            -3.4,
            1.494
          ],
          [
            -2.405,
            2.974
          ]
        ]
      },
      {
        "id": 10,
        "block": 6,
        "occupant": null,
        "boundary": [
          [
            -5.006,
            -1.078
          ],
          [
            -5.83,
            -3.142
          ],
          [
            -3.118,
            -4.614
          ],
          [
            -1.814,
            -1.829
          ],
          [
            -2.549,
            -1.01
          ]
        ]
      },
      {
        "id": 11,
        "block": 7,
        "occupant": "src/café/naïve.rs",
        "boundary": [
          [
            -2.143,
            1.498
          ],
          [
            -1.634,
            1.885
          ],
          [
            -2.405,
            2.974
          ],
          [
            -2.809,
            2.373
          ]
        ]
      },
      {
        "id": 12,
        "block": 7,
        "occupant": "src/café/módulo.rs",
        "boundary": [
          [
            -3.4,
            1.494
          ],
          [
            -3.029,
            0.824
          ],
          [
            -2.143,
            1.498
          ],
          [
            -2.809,
            2.373
          ]
        ]
      },
      {
        "id": 13,
        "block": 8,
        "occupant": "src/auth/session.rs",
        "boundary": [
          [
            -3.029,
            0.824
          ],
          [
            -2.549,
            -1.01
          ],
          [
            -1.814,
            -1.829
          ],
          [
            -0.176,
            1.545
          ],
          [
            -1.634,
            1.885
          ]
        ]
      },
      {
        "id": 14,
        "block": 9,
        "occupant": "src/auth/tokens.rs",
        "boundary": [
          [
            -2.405,
            2.974
          ],
          [
            -1.634,
            1.885
          ],
          [
            -0.176,
            1.545
          ],
          [
            -1.626,
            4.362
          ]
        ]
      },
      {
        "id": 15,
        "block": 10,
        "occupant": "src/auth/providers/oauth/github.rs",
        "boundary": [
          [
            -1.325,
            6.019
          ],
          [
            -1.626,
            4.362
          ],
          [
            -1.206,
            3.545
          ],
          [
            -0.007,
            4.162
          ]
        ]
      },
      {
        "id": 16,
        "block": 10,
        "occupant": "src/auth/providers/oauth/google.rs",
        "boundary": [
          [
            -1.206,
            3.545
          ],
          [
            -0.176,
            1.545
          ],
          [
            0.58,
            3.335
          ],
          [
            -0.007,
            4.162
          ]
        ]
      },
      {
        "id": 17,
        "block": 11,
        "occupant": "src/net/client.rs",
        "boundary": [
          [
            0.395,
            6.509
          ],
          [
            -1.325,
            6.019
          ],
          [
            0.58,
            3.335
          ],
          [
            2.793,
            3.254
          ],
          [
            3.282,
            3.193
          ],
          [
            3.156,
            5.134
          ],
          [
            1.894,
            6.303
          ]
        ]
      },
      {
        "id": 18,
        "block": 13,
        "occupant": ".gitattributes",
        "boundary": [
          [
            0.838,
            -0.618
          ],
          [
            -1.814,
            -1.829
          ],
          [
            1.667,
            -3.287
          ],
          [
            2.057,
            -1.096
          ]
        ]
      },
      {
        "id": 19,
        "block": 14,
        "occupant": "src/auth/providers/ldap.rs",
        "boundary": [
          [
            0.58,
            3.335
          ],
          [
            -0.176,
            1.545
          ],
          [
            2.278,
            1.205
          ],
          [
            2.793,
            3.254
          ]
        ]
      },
      {
        "id": 20,
        "block": 15,
        "occupant": "src/main.rs",
        "boundary": [
          [
            1.229,
            -0.771
          ],
          [
            2.057,
            -1.096
          ],
          [
            2.278,
            1.205
          ],
          [
            1.517,
            1.31
          ]
        ]
      },
      {
        "id": 21,
        "block": 15,
        "occupant": "src/lib.rs",
        "boundary": [
          [
            -0.176,
            1.545
          ],
          [
            0.838,
            -0.618
          ],
          [
            1.229,
            -0.771
          ],
          [
            1.517,
            1.31
          ]
        ]
      },
      {
        "id": 22,
        "block": 16,
        "occupant": "README.md",
        "boundary": [
          [
            2.057,
            -1.096
          ],
          [
            1.667,
            -3.287
          ],
          [
            2.827,
            -4.77
          ],
          [
            5.706,
            -4.146
          ],
          [
            4.836,
            -1.505
          ]
        ]
      },
      {
        "id": 23,
        "block": 17,
        "occupant": "src/net/gateway.rs",
        "boundary": [
          [
            2.278,
            1.205
          ],
          [
            2.057,
            -1.096
          ],
          [
            4.836,
            -1.505
          ],
          [
            8.043,
            0.606
          ],
          [
            6.156,
            1.516
          ],
          [
            4.325,
            0.909
          ]
        ]
      },
      {
        "id": 24,
        "block": 18,
        "occupant": "src/net/server.rs",
        "boundary": [
          [
            2.793,
            3.254
          ],
          [
            2.278,
            1.205
          ],
          [
            4.325,
            0.909
          ],
          [
            3.282,
            3.193
          ]
        ]
      },
      {
        "id": 25,
        "block": 19,
        "occupant": "docs/日本語.md",
        "boundary": [
          [
            3.156,
            5.134
          ],
          [
            3.282,
            3.193
          ],
          [
            5.54,
            2.974
          ],
          [
            6.372,
            6.158
          ]
        ]
      },
      {
        "id": 26,
        "block": 20,
        "occupant": "docs/guide.md",
        "boundary": [
          [
            3.282,
            3.193
          ],
          [
            4.325,
            0.909
          ],
          [
            6.156,
            1.516
          ],
          [
            5.54,
            2.974
          ]
        ]
      },
      {
        "id": 27,
        "block": 21,
        "occupant": null,
        "boundary": [
          [
            4.836,
            -1.505
          ],
          [
            5.706,
            -4.146
          ],
          [
            9.388,
            -2.508
          ],
          [
            8.822,
            1.182
          ],
          [
            8.043,
            0.606
          ]
        ]
      },
      {
        "id": 28,
        "block": 22,
        "occupant": null,
        "boundary": [
          [
            6.372,
            6.158
          ],
          [
            5.54,
            2.974
          ],
          [
            6.156,
            1.516
          ],
          [
            8.043,
            0.606
          ],
          [
            8.822,
            1.182
          ],
          [
            8.82,
            3.062
          ]
        ]
      },
      {
        "id": 29,
        "block": 23,
        "occupant": "tests/net_test.rs",
        "boundary": [
          [
            6.372,
            6.158
          ],
          [
            7.101,
            5.236
          ],
          [
            8.664,
            5.368
          ],
          [
            8.582,
            6.345
          ]
        ]
      },
      {
        "id": 30,
        "block": 23,
        "occupant": "tests/auth_test.rs",
        "boundary": [
          [
            7.101,
            5.236
          ],
          [
            8.82,
            3.062
          ],
          [
            8.852,
            3.145
          ],
          [
            8.664,
            5.368
          ]
        ]
      },
      {
        "id": 31,
        "block": 23,
        "occupant": null,
        "boundary": [
          [
            8.852,
            3.145
          ],
          [
            10.126,
            6.475
          ],
          [
            8.582,
            6.345
          ]
        ]
      },
      {
        "id": 32,
        "block": 24,
        "occupant": "examples/basic.rs",
        "boundary": [
          [
            8.82,
            3.062
          ],
          [
            8.822,
            1.182
          ],
          [
            10.825,
            1.948
          ],
          [
            12.973,
            3.826
          ],
          [
            10.126,
            6.475
          ]
        ]
      }
    ],
    "buildings": [
      {
        "path": ".gitattributes",
        "lot": 18,
        "height": 1.272,
        "roof": "pitched",
        "rotation": 0.002,
        "footprint": [
          [
            0.403,
            -2.688
          ],
          [
            0.342,
            -2.663
          ],
          [
            0.805,
            -1.549
          ],
          [
            0.866,
            -1.574
          ]
        ]
      },
      {
        "path": "docs/guide.md",
        "lot": 26,
        "height": 4.514,
        "roof": "flat",
        "rotation": 0.002,
        "footprint": [
          [
            5.494,
            2.913
          ],
          [
            6.036,
            1.638
          ],
          [
            5.035,
            1.212
          ],
          [
            4.493,
            2.487
          ]
        ]
      },
      {
        "path": "docs/日本語.md",
        "lot": 25,
        "height": 2.621,
        "roof": "stepped",
        "rotation": 0.007,
        "footprint": [
          [
            4.774,
            3.117
          ],
          [
            4.067,
            3.181
          ],
          [
            4.157,
            4.175
          ],
          [
            4.864,
            4.111
          ]
        ]
      },
      {
        "path": "examples/basic.rs",
        "lot": 32,
        "height": 3.213,
        "roof": "pitched",
        "rotation": -0.018,
        "footprint": [
          [
            11.327,
            5.27
          ],
          [
            11.986,
            4.634
          ],
          [
            11.119,
            3.735
          ],
          [
            10.46,
            4.371
          ]
        ]
      },
      {
        "path": "README.md",
        "lot": 22,
        "height": 2.687,
        "roof": "stepped",
        "rotation": -0.032,
        "footprint": [
          [
            4.448,
            -4.354
          ],
          [
            3.859,
            -4.461
          ],
          [
            3.64,
            -3.268
          ],
          [
            4.229,
            -3.16
          ]
        ]
      },
      {
        "path": "src/auth/providers/ldap.rs",
        "lot": 19,
        "height": 4.185,
        "roof": "stepped",
        "rotation": -0.002,
        "footprint": [
          [
            2.043,
            1.302
          ],
          [
            0.332,
            1.542
          ],
          [
            0.452,
            2.398
          ],
          [
            2.163,
            2.158
          ]
        ]
      },
      {
        "path": "src/auth/providers/oauth/github.rs",
        "lot": 15,
        "height": 3.971,
        "roof": "stepped",
        "rotation": 0.001,
        "footprint": [
          [
            -0.948,
            3.685
          ],
          [
            -1.492,
            4.74
          ],
          [
            -0.775,
            5.111
          ],
          [
            -0.23,
            4.056
          ]
        ]
      },
      {
        "path": "src/auth/providers/oauth/google.rs",
        "lot": 16,
        "height": 3.694,
        "roof": "pitched",
        "rotation": -0.003,
        "footprint": [
          [
            -0.639,
            2.585
          ],
          [
            -1.143,
            3.571
          ],
          [
            -0.084,
            4.112
          ],
          [
            0.42,
            3.126
          ]
        ]
      },
      {
        "path": "src/auth/session.rs",
        "lot": 13,
        "height": 3.725,
        "roof": "flat",
        "rotation": -0.009,
        "footprint": [
          [
            -0.569,
            0.881
          ],
          [
            -1.353,
            -0.696
          ],
          [
            -2.427,
            -0.162
          ],
          [
            -1.643,
            1.414
          ]
        ]
      },
      {
        "path": "src/auth/tokens.rs",
        "lot": 14,
        "height": 3.449,
        "roof": "stepped",
        "rotation": 0.0,
        "footprint": [
          [
            -1.248,
            3.488
          ],
          [
            -0.762,
            2.544
          ],
          [
            -1.642,
            2.091
          ],
          [
            -2.128,
            3.035
          ]
        ]
      },
      {
        "path": "src/café/módulo.rs",
        "lot": 12,
        "height": 2.979,
        "roof": "stepped",
        "rotation": 0.0,
        "footprint": [
          [
            -2.184,
            1.547
          ],
          [
            -2.935,
            0.975
          ],
          [
            -3.323,
            1.486
          ],
          [
            -2.572,
            2.057
          ]
        ]
      },
      {
        "path": "src/café/naïve.rs",
        "lot": 11,
        "height": 3.749,
        "roof": "stepped",
        "rotation": 0.0,
        "footprint": [
          [
            -1.721,
            1.898
          ],
          [
            -2.179,
            1.55
          ],
          [
            -2.762,
            2.317
          ],
          [
            -2.304,
            2.665
          ]
        ]
      },
      {
        "path": "src/lib.rs",
        "lot": 21,
        "height": 7.0,
        "roof": "stepped",
        "rotation": 0.002,
        "footprint": [
          [
            0.732,
            1.353
          ],
          [
            1.501,
            1.247
          ],
          [
            1.333,
            0.017
          ],
          [
            0.564,
            0.123
          ]
        ]
      },
      {
        "path": "src/main.rs",
        "lot": 20,
        "height": 7.0,
        "roof": "stepped",
        "rotation": -0.001,
        "footprint": [
          [
            1.515,
            1.243
          ],
          [
            2.208,
            1.146
          ],
          [
            1.937,
            -0.794
          ],
          [
            1.244,
            -0.697
          ]
        ]
      },
      {
        "path": "src/net/client.rs",
        "lot": 17,
        "height": 3.816,
        "roof": "stepped",
        "rotation": 0.024,
        "footprint": [
          [
            2.523,
            3.576
          ],
          [
            0.951,
            3.621
          ],
          [
            0.994,
            5.173
          ],
          [
            2.567,
            5.128
          ]
        ]
      },
      {
        "path": "src/net/gateway.rs",
        "lot": 23,
        "height": 2.952,
        "roof": "flat",
        "rotation": 0.029,
        "footprint": [
          [
            2.571,
            -1.107
          ],
          [
            2.427,
            0.199
          ],
          [
            3.204,
            0.284
          ],
          [
            3.348,
            -1.022
          ]
        ]
      },
      {
        "path": "src/net/server.rs",
        "lot": 24,
        "height": 7.0,
        "roof": "stepped",
        "rotation": 0.0,
        "footprint": [
          [
            3.71,
            1.062
          ],
          [
            2.438,
            1.246
          ],
          [
            2.552,
            2.036
          ],
          [
            3.825,
            1.852
          ]
        ]
      },
      {
        "path": "src/ui/app.tsx",
        "lot": 9,
        "height": 7.0,
        "roof": "stepped",
        "rotation": 0.0,
        "footprint": [
          [
            -3.072,
            2.885
          ],
          [
            -3.043,
            2.139
          ],
          [
            -4.231,
            2.093
          ],
          [
            -4.26,
            2.839
          ]
        ]
      },
      {
        "path": "src/ui/components/button.tsx",
        "lot": 1,
        "height": 3.777,
        "roof": "stepped",
        "rotation": -0.004,
        "footprint": [
          [
            -4.146,
            6.796
          ],
          [
            -5.548,
            7.155
          ],
          [
            -5.397,
            7.744
          ],
          [
            -3.995,
            7.384
          ]
        ]
      },
      {
        "path": "src/ui/components/table.tsx",
        "lot": 2,
        "height": 5.005,
        "roof": "flat",
        "rotation": 0.015,
        "footprint": [
          [
            -2.29,
            6.349
          ],
          [
            -3.113,
            6.544
          ],
          [
            -2.822,
            7.776
          ],
          [
            -1.999,
            7.582
          ]
        ]
      },
      {
        "path": "src/ui/routes.ts",
        "lot": 8,
        "height": 7.0,
        "roof": "stepped",
        "rotation": -0.003,
        "footprint": [
          [
            -3.959,
            4.846
          ],
          [
            -2.918,
            5.279
          ],
          [
            -2.272,
            3.728
          ],
          [
            -3.314,
            3.295
          ]
        ]
      },
      {
        "path": "src/ui/store.ts",
        "lot": 5,
        "height": 2.313,
        "roof": "flat",
        "rotation": 0.004,
        "footprint": [
          [
            -4.857,
            6.84
          ],
          [
            -3.974,
            6.621
          ],
          [
            -4.175,
            5.811
          ],
          [
            -5.058,
            6.03
          ]
        ]
      },
      {
        "path": "src/utils/helpers.rs",
        "lot": 7,
        "height": 2.65,
        "roof": "pitched",
        "rotation": 0.0,
        "footprint": [
          [
            -5.06,
            -0.22
          ],
          [
            -5.466,
            0.329
          ],
          [
            -4.17,
            1.288
          ],
          [
            -3.764,
            0.74
          ]
        ]
      },
      {
        "path": "tests/auth_test.rs",
        "lot": 30,
        "height": 3.682,
        "roof": "pitched",
        "rotation": 0.007,
        "footprint": [
          [
            8.779,
            3.858
          ],
          [
            8.325,
            3.817
          ],
          [
            8.194,
            5.252
          ],
          [
            8.648,
            5.294
          ]
        ]
      },
      {
        "path": "tests/net_test.rs",
        "lot": 29,
        "height": 3.148,
        "roof": "stepped",
        "rotation": 0.004,
        "footprint": [
          [
            7.078,
            6.148
          ],
          [
            8.568,
            6.28
          ],
          [
            8.644,
            5.412
          ],
          [
            7.155,
            5.28
          ]
        ]
      }
    ],
    "districts": [
      {
        "path": "",
        "centre": [
          1.405,
          -1.337
        ],
        "blocks": [
          12,
          13,
          16
        ],
        "boundary": [
          [
            -1.814,
            -1.829
          ],
          [
            2.827,
            -4.77
          ],
          [
            5.706,
            -4.146
          ],
          [
            4.836,
            -1.505
          ],
          [
            -0.176,
            1.545
          ]
        ]
      },
      {
        "path": "docs",
        "centre": [
          4.688,
          2.982
        ],
        "blocks": [
          19,
          20
        ],
        "boundary": [
          [
            3.156,
            5.134
          ],
          [
            3.282,
            3.193
          ],
          [
            4.325,
            0.909
          ],
          [
            6.156,
            1.516
          ],
          [
            6.372,
            6.158
          ]
        ]
      },
      {
        "path": "examples",
        "centre": [
          10.649,
          4.371
        ],
        "blocks": [
          24
        ],
        "boundary": [
          [
            8.82,
            3.062
          ],
          [
            8.822,
            1.182
          ],
          [
            10.825,
            1.948
          ],
          [
            12.973,
            3.826
          ],
          [
            10.126,
            6.475
          ]
        ]
      },
      {
        "path": "src",
        "centre": [
          0.755,
          0.329
        ],
        "blocks": [
          15
        ],
        "boundary": [
          [
            -0.176,
            1.545
          ],
          [
            0.838,
            -0.618
          ],
          [
            2.057,
            -1.096
          ],
          [
            2.278,
            1.205
          ]
        ]
      },
      {
        "path": "src/auth",
        "centre": [
          -2.517,
          0.351
        ],
        "blocks": [
          6,
          8,
          9
        ],
        "boundary": [
          [
            -5.83,
            -3.142
          ],
          [
            -3.118,
            -4.614
          ],
          [
            -0.176,
            1.545
          ],
          [
            -1.626,
            4.362
          ],
          [
            -5.006,
            -1.078
          ]
        ]
      },
      {
        "path": "src/auth/providers",
        "centre": [
          1.22,
          2.575
        ],
        "blocks": [
          14
        ],
        "boundary": [
          [
            -0.176,
            1.545
          ],
          [
            2.278,
            1.205
          ],
          [
            2.793,
            3.254
          ],
          [
            0.58,
            3.335
          ]
        ]
      },
      {
        "path": "src/auth/providers/oauth",
        "centre": [
          -0.386,
          3.105
        ],
        "blocks": [
          10
        ],
        "boundary": [
          [
            -1.626,
            4.362
          ],
          [
            -0.176,
            1.545
          ],
          [
            0.58,
            3.335
          ],
          [
            -1.325,
            6.019
          ]
        ]
      },
      {
        "path": "src/café",
        "centre": [
          -2.336,
          1.697
        ],
        "blocks": [
          7
        ],
        "boundary": [
          [
            -3.4,
            1.494
          ],
          [
            -3.029,
            0.824
          ],
          [
            -1.634,
            1.885
          ],
          [
            -2.405,
            2.974
          ]
        ]
      },
      {
        "path": "src/net",
        "centre": [
          3.297,
          1.43
        ],
        "blocks": [
          11,
          17,
          18
        ],
        "boundary": [
          [
            -1.325,
            6.019
          ],
          [
            2.057,
            -1.096
          ],
          [
            4.836,
            -1.505
          ],
          [
            8.043,
            0.606
          ],
          [
            3.156,
            5.134
          ],
          [
            1.894,
            6.303
          ],
          [
            0.395,
            6.509
          ]
        ]
      },
      {
        "path": "src/ui",
        "centre": [
          -4.115,
          4.455
        ],
        "blocks": [
          0,
          2,
          4,
          5
        ],
        "boundary": [
          [
            -7.095,
            4.249
          ],
          [
            -5.645,
            2.849
          ],
          [
            -3.4,
            1.494
          ],
          [
            -2.405,
            2.974
          ],
          [
            -1.626,
            4.362
          ],
          [
            -1.325,
            6.019
          ],
          [
            -5.919,
            7.177
          ]
        ]
      },
      {
        "path": "src/ui/components",
        "centre": [
          -3.408,
          7.875
        ],
        "blocks": [
          1
        ],
        "boundary": [
          [
            -5.919,
            7.177
          ],
          [
            -1.325,
            6.019
          ],
          [
            -2.628,
            9.505
          ],
          [
            -4.818,
            8.92
          ]
        ]
      },
      {
        "path": "src/utils",
        "centre": [
          -4.137,
          0.7
        ],
        "blocks": [
          3
        ],
        "boundary": [
          [
            -6.246,
            0.597
          ],
          [
            -5.006,
            -1.078
          ],
          [
            -2.549,
            -1.01
          ],
          [
            -3.029,
            0.824
          ],
          [
            -3.4,
            1.494
          ],
          [
            -5.645,
            2.849
          ]
        ]
      },
      {
        "path": "tests",
        "centre": [
          8.015,
          5.162
        ],
        "blocks": [
          23
        ],
        "boundary": [
          [
            6.372,
            6.158
          ],
          [
            8.82,
            3.062
          ],
          [
            10.126,
            6.475
          ]
        ]
      },
      {
        "path": "vendor/bignum",
        "centre": [
          6.574,
          3.166
        ],
        "blocks": [
          22
        ],
        "boundary": [
          [
            5.54,
            2.974
          ],
          [
            6.156,
            1.516
          ],
          [
            8.043,
            0.606
          ],
          [
            8.822,
            1.182
          ],
          [
            8.82,
            3.062
          ],
          [
            6.372,
            6.158
          ]
        ]
      },
      {
        "path": "vendor/leftpad",
        "centre": [
          7.217,
          -2.227
        ],
        "blocks": [
          21
        ],
        "boundary": [
          [
            4.836,
            -1.505
          ],
          [
            5.706,
            -4.146
          ],
          [
            9.388,
            -2.508
          ],
          [
            8.822,
            1.182
          ]
        ]
      }
    ],
    "streets": []
  },
  "terrain": {
    "seed": "0x91d51b0b7c25dbd8",
    "extent": 8.649,
    "octaves": 3,
    "relief": 1.297,
    "districts": 15,
    "digest": "0x58b294e77b39d2a9"
  },
  "monuments": [
    {
      "path": "src/main.rs",
      "rank": 0,
      "entry": "main",
      "inbound": 0,
      "top_decile": false
    },
    {
      "path": "src/lib.rs",
      "rank": 1,
      "entry": "library-root",
      "inbound": 0,
      "top_decile": false
    },
    {
      "path": "src/net/server.rs",
      "rank": 2,
      "entry": "server",
      "inbound": 0,
      "top_decile": false
    },
    {
      "path": "src/ui/routes.ts",
      "rank": 3,
      "entry": "router",
      "inbound": 0,
      "top_decile": false
    },
    {
      "path": "src/ui/app.tsx",
      "rank": 4,
      "entry": "index",
      "inbound": 0,
      "top_decile": false
    }
  ],
  "industrial": [
    {
      "district": "vendor/bignum",
      "host": "vendor/bignum",
      "files": 1,
      "bytes": 33327,
      "boundary": [
        [
          5.54,
          2.974
        ],
        [
          6.156,
          1.516
        ],
        [
          8.043,
          0.606
        ],
        [
          8.822,
          1.182
        ],
        [
          8.82,
          3.062
        ],
        [
          6.372,
          6.158
        ]
      ]
    },
    {
      "district": "vendor/leftpad",
      "host": "vendor/leftpad",
      "files": 2,
      "bytes": 941,
      "boundary": [
        [
          4.836,
          -1.505
        ],
        [
          5.706,
          -4.146
        ],
        [
          9.388,
          -2.508
        ],
        [
          8.822,
          1.182
        ]
      ]
    }
  ],
  "vacancies": [],
  "host_of": [
    [
      "",
      ""
    ],
    [
      "docs",
      "docs"
    ],
    [
      "examples",
      "examples"
    ],
    [
      "src",
      "src"
    ],
    [
      "src/auth",
      "src/auth"
    ],
    [
      "src/auth/providers",
      "src/auth/providers"
    ],
    [
      "src/auth/providers/oauth",
      "src/auth/providers/oauth"
    ],
    [
      "src/café",
      "src/café"
    ],
    [
      "src/net",
      "src/net"
    ],
    [
      "src/ui",
      "src/ui"
    ],
    [
      "src/ui/components",
      "src/ui/components"
    ],
    [
      "src/utils",
      "src/utils"
    ],
    [
      "tests",
      "tests"
    ],
    [
      "vendor/bignum",
      "vendor/bignum"
    ],
    [
      "vendor/leftpad",
      "vendor/leftpad"
    ]
  ],
  "overflow": [],
  "report": {
    "files": 28,
    "buildings": 25,
    "blocks": 25,
    "open_blocks": 0,
    "slivers": 0,
    "lots": 33,
    "empty_lots": 8,
    "massed": 3,
    "overflow": 0,
    "unbuilt": 0,
    "plots": 27,
    "road_nodes": 43,
    "road_segments": 67,
    "components": 1,
    "cycles": 25,
    "junctions": 31,
    "complex_junctions": 11,
    "dangling": 0,
    "crossings": 0,
    "districts": 15,
    "fragmented_districts": 0,
    "fragmented_subtrees": 0,
    "fragmented_packages": 0,
    "shared_faces": 0,
    "faceless_districts": 0,
    "presplit_districts": 0,
    "settled_nonadjacent": 1,
    "settled_on_fringe": 0,
    "relaxed_to_ancestor": 0,
    "relaxed_to_anywhere": 0,
    "detached_placements": 0,
    "unhoused": 0,
    "plots_off_face": 0,
    "empty_cells": 0,
    "age_gradient_x100": 265,
    "monuments": 5,
    "age_ramp": "calibrated",
    "history_days": 626,
    "old_town_files": 20,
    "core_files": 20,
    "age_equalisation_x100": 0
  }
}
