---
source: polis-layout/tests/m1_gate.rs
expression: "city.snapshot().expect(\"serializes\")"
---
{
  "layout": {
    "format": 3,
    "schema": 1,
    "quantum": 0.001,
    "extent": 8.089,
    "roads": {
      "snap_tolerance": 0.004,
      "nodes": [
        [
          -7.196,
          1.552
        ],
        [
          -7.114,
          3.85
        ],
        [
          -7.095,
          -3.839
        ],
        [
          -5.377,
          -5.298
        ],
        [
          -4.992,
          5.797
        ],
        [
          -4.707,
          -5.867
        ],
        [
          -3.901,
          1.824
        ],
        [
          -4.148,
          -2.761
        ],
        [
          -3.005,
          7.386
        ],
        [
          -3.153,
          -7.187
        ],
        [
          -2.214,
          3.913
        ],
        [
          -1.955,
          -1.367
        ],
        [
          -1.499,
          0.462
        ],
        [
          -0.852,
          7.27
        ],
        [
          -0.577,
          -4.442
        ],
        [
          -0.865,
          -2.954
        ],
        [
          -0.485,
          4.644
        ],
        [
          -0.495,
          -0.091
        ],
        [
          0.475,
          -2.113
        ],
        [
          0.435,
          2.36
        ],
        [
          0.62,
          7.162
        ],
        [
          1.379,
          1.484
        ],
        [
          1.49,
          4.677
        ],
        [
          2.39,
          -6.623
        ],
        [
          1.98,
          7.014
        ],
        [
          2.537,
          -3.015
        ],
        [
          3.265,
          0.271
        ],
        [
          3.111,
          -5.136
        ],
        [
          4.157,
          6.363
        ],
        [
          4.211,
          3.257
        ],
        [
          4.817,
          -0.989
        ],
        [
          5.224,
          -2.455
        ],
        [
          6.203,
          4.658
        ],
        [
          6.302,
          -4.505
        ],
        [
          6.78,
          -2.921
        ],
        [
          6.953,
          -2.347
        ],
        [
          7.624,
          -0.127
        ]
      ],
      "segments": [
        {
          "from": 0,
          "to": 1,
          "class": "street"
        },
        {
          "from": 0,
          "to": 2,
          "class": "arterial"
        },
        {
          "from": 0,
          "to": 6,
          "class": "arterial"
        },
        {
          "from": 1,
          "to": 4,
          "class": "street"
        },
        {
          "from": 2,
          "to": 3,
          "class": "arterial"
        },
        {
          "from": 3,
          "to": 5,
          "class": "arterial"
        },
        {
          "from": 3,
          "to": 7,
          "class": "street"
        },
        {
          "from": 4,
          "to": 8,
          "class": "street"
        },
        {
          "from": 4,
          "to": 10,
          "class": "street"
        },
        {
          "from": 5,
          "to": 9,
          "class": "street"
        },
        {
          "from": 5,
          "to": 14,
          "class": "street"
        },
        {
          "from": 6,
          "to": 10,
          "class": "arterial"
        },
        {
          "from": 6,
          "to": 12,
          "class": "arterial"
        },
        {
          "from": 7,
          "to": 11,
          "class": "street"
        },
        {
          "from": 8,
          "to": 10,
          "class": "alley"
        },
        {
          "from": 8,
          "to": 13,
          "class": "street"
        },
        {
          "from": 9,
          "to": 23,
          "class": "street"
        },
        {
          "from": 10,
          "to": 16,
          "class": "street"
        },
        {
          "from": 11,
          "to": 12,
          "class": "arterial"
        },
        {
          "from": 11,
          "to": 15,
          "class": "alley"
        },
        {
          "from": 11,
          "to": 18,
          "class": "street"
        },
        {
          "from": 12,
          "to": 17,
          "class": "street"
        },
        {
          "from": 12,
          "to": 19,
          "class": "street"
        },
        {
          "from": 12,
          "to": 21,
          "class": "street"
        },
        {
          "from": 13,
          "to": 16,
          "class": "street"
        },
        {
          "from": 13,
          "to": 20,
          "class": "street"
        },
        {
          "from": 14,
          "to": 15,
          "class": "street"
        },
        {
          "from": 14,
          "to": 18,
          "class": "street"
        },
        {
          "from": 14,
          "to": 23,
          "class": "street"
        },
        {
          "from": 15,
          "to": 18,
          "class": "street"
        },
        {
          "from": 16,
          "to": 19,
          "class": "street"
        },
        {
          "from": 16,
          "to": 20,
          "class": "alley"
        },
        {
          "from": 16,
          "to": 22,
          "class": "street"
        },
        {
          "from": 17,
          "to": 18,
          "class": "street"
        },
        {
          "from": 17,
          "to": 26,
          "class": "street"
        },
        {
          "from": 18,
          "to": 25,
          "class": "street"
        },
        {
          "from": 18,
          "to": 26,
          "class": "street"
        },
        {
          "from": 19,
          "to": 21,
          "class": "street"
        },
        {
          "from": 20,
          "to": 24,
          "class": "street"
        },
        {
          "from": 21,
          "to": 26,
          "class": "street"
        },
        {
          "from": 22,
          "to": 24,
          "class": "street"
        },
        {
          "from": 22,
          "to": 29,
          "class": "street"
        },
        {
          "from": 23,
          "to": 27,
          "class": "street"
        },
        {
          "from": 23,
          "to": 33,
          "class": "street"
        },
        {
          "from": 24,
          "to": 28,
          "class": "street"
        },
        {
          "from": 25,
          "to": 26,
          "class": "street"
        },
        {
          "from": 25,
          "to": 27,
          "class": "street"
        },
        {
          "from": 26,
          "to": 29,
          "class": "arterial"
        },
        {
          "from": 26,
          "to": 30,
          "class": "street"
        },
        {
          "from": 27,
          "to": 31,
          "class": "alley"
        },
        {
          "from": 28,
          "to": 32,
          "class": "street"
        },
        {
          "from": 29,
          "to": 32,
          "class": "street"
        },
        {
          "from": 30,
          "to": 31,
          "class": "street"
        },
        {
          "from": 30,
          "to": 36,
          "class": "street"
        },
        {
          "from": 31,
          "to": 33,
          "class": "street"
        },
        {
          "from": 31,
          "to": 34,
          "class": "alley"
        },
        {
          "from": 31,
          "to": 35,
          "class": "alley"
        },
        {
          "from": 32,
          "to": 36,
          "class": "street"
        },
        {
          "from": 33,
          "to": 34,
          "class": "street"
        },
        {
          "from": 34,
          "to": 35,
          "class": "street"
        },
        {
          "from": 35,
          "to": 36,
          "class": "street"
        }
      ]
    },
    "blocks": [
      {
        "id": 0,
        "district": "src/ui/components",
        "boundary": [
          [
            -7.114,
            3.85
          ],
          [
            -7.196,
            1.552
          ],
          [
            -3.901,
            1.824
          ],
          [
            -2.214,
            3.913
          ],
          [
            -4.992,
            5.797
          ]
        ]
      },
      {
        "id": 1,
        "district": "src/ui",
        "boundary": [
          [
            -7.196,
            1.552
          ],
          [
            -7.095,
            -3.839
          ],
          [
            -5.377,
            -5.298
          ],
          [
            -4.148,
            -2.761
          ],
          [
            -1.955,
            -1.367
          ],
          [
            -1.499,
            0.462
          ],
          [
            -3.901,
            1.824
          ]
        ]
      },
      {
        "id": 2,
        "district": "src/net",
        "boundary": [
          [
            -5.377,
            -5.298
          ],
          [
            -4.707,
            -5.867
          ],
          [
            -0.577,
            -4.442
          ],
          [
            -0.865,
            -2.954
          ],
          [
            -1.955,
            -1.367
          ],
          [
            -4.148,
            -2.761
          ]
        ]
      },
      {
        "id": 3,
        "district": "tests",
        "boundary": [
          [
            -3.005,
            7.386
          ],
          [
            -4.992,
            5.797
          ],
          [
            -2.214,
            3.913
          ]
        ]
      },
      {
        "id": 4,
        "district": "src/utils",
        "boundary": [
          [
            -4.707,
            -5.867
          ],
          [
            -3.153,
            -7.187
          ],
          [
            2.39,
            -6.623
          ],
          [
            -0.577,
            -4.442
          ]
        ]
      },
      {
        "id": 5,
        "district": "src",
        "boundary": [
          [
            -2.214,
            3.913
          ],
          [
            -3.901,
            1.824
          ],
          [
            -1.499,
            0.462
          ],
          [
            0.435,
            2.36
          ],
          [
            -0.485,
            4.644
          ]
        ]
      },
      {
        "id": 6,
        "district": "tests",
        "boundary": [
          [
            -3.005,
            7.386
          ],
          [
            -2.214,
            3.913
          ],
          [
            -0.485,
            4.644
          ],
          [
            -0.852,
            7.27
          ]
        ]
      },
      {
        "id": 7,
        "district": "src/net",
        "boundary": [
          [
            -1.499,
            0.462
          ],
          [
            -1.955,
            -1.367
          ],
          [
            0.475,
            -2.113
          ],
          [
            -0.495,
            -0.091
          ]
        ]
      },
      {
        "id": 8,
        "district": "src/net",
        "boundary": [
          [
            -1.955,
            -1.367
          ],
          [
            -0.865,
            -2.954
          ],
          [
            0.475,
            -2.113
          ]
        ]
      },
      {
        "id": 9,
        "district": "src/auth",
        "boundary": [
          [
            -1.499,
            0.462
          ],
          [
            -0.495,
            -0.091
          ],
          [
            3.265,
            0.271
          ],
          [
            1.379,
            1.484
          ]
        ]
      },
      {
        "id": 10,
        "district": "src",
        "boundary": [
          [
            0.435,
            2.36
          ],
          [
            -1.499,
            0.462
          ],
          [
            1.379,
            1.484
          ]
        ]
      },
      {
        "id": 11,
        "district": "docs",
        "boundary": [
          [
            -0.852,
            7.27
          ],
          [
            -0.485,
            4.644
          ],
          [
            0.62,
            7.162
          ]
        ]
      },
      {
        "id": 12,
        "district": "src/café",
        "boundary": [
          [
            -0.865,
            -2.954
          ],
          [
            -0.577,
            -4.442
          ],
          [
            0.475,
            -2.113
          ]
        ]
      },
      {
        "id": 13,
        "district": "src/café",
        "boundary": [
          [
            0.475,
            -2.113
          ],
          [
            -0.577,
            -4.442
          ],
          [
            2.39,
            -6.623
          ],
          [
            3.111,
            -5.136
          ],
          [
            2.537,
            -3.015
          ]
        ]
      },
      {
        "id": 14,
        "district": "vendor/bignum",
        "boundary": [
          [
            -0.485,
            4.644
          ],
          [
            0.435,
            2.36
          ],
          [
            1.379,
            1.484
          ],
          [
            3.265,
            0.271
          ],
          [
            4.211,
            3.257
          ],
          [
            1.49,
            4.677
          ]
        ]
      },
      {
        "id": 15,
        "district": "docs",
        "boundary": [
          [
            0.62,
            7.162
          ],
          [
            -0.485,
            4.644
          ],
          [
            1.49,
            4.677
          ],
          [
            1.98,
            7.014
          ]
        ]
      },
      {
        "id": 16,
        "district": "src/auth",
        "boundary": [
          [
            -0.495,
            -0.091
          ],
          [
            0.475,
            -2.113
          ],
          [
            3.265,
            0.271
          ]
        ]
      },
      {
        "id": 17,
        "district": "src/auth/providers",
        "boundary": [
          [
            0.475,
            -2.113
          ],
          [
            2.537,
            -3.015
          ],
          [
            3.265,
            0.271
          ]
        ]
      },
      {
        "id": 18,
        "district": "vendor/leftpad",
        "boundary": [
          [
            1.98,
            7.014
          ],
          [
            1.49,
            4.677
          ],
          [
            4.211,
            3.257
          ],
          [
            6.203,
            4.658
          ],
          [
            4.157,
            6.363
          ]
        ]
      },
      {
        "id": 19,
        "district": "src/auth/providers/oauth",
        "boundary": [
          [
            3.111,
            -5.136
          ],
          [
            2.39,
            -6.623
          ],
          [
            6.302,
            -4.505
          ],
          [
            5.224,
            -2.455
          ]
        ]
      },
      {
        "id": 20,
        "district": "src/auth/providers/oauth",
        "boundary": [
          [
            3.265,
            0.271
          ],
          [
            2.537,
            -3.015
          ],
          [
            3.111,
            -5.136
          ],
          [
            5.224,
            -2.455
          ],
          [
            4.817,
            -0.989
          ]
        ]
      },
      {
        "id": 21,
        "district": "examples",
        "boundary": [
          [
            4.211,
            3.257
          ],
          [
            3.265,
            0.271
          ],
          [
            4.817,
            -0.989
          ],
          [
            7.624,
            -0.127
          ],
          [
            6.203,
            4.658
          ]
        ]
      },
      {
        "id": 22,
        "district": "",
        "boundary": [
          [
            4.817,
            -0.989
          ],
          [
            5.224,
            -2.455
          ],
          [
            6.953,
            -2.347
          ],
          [
            7.624,
            -0.127
          ]
        ]
      },
      {
        "id": 23,
        "district": "",
        "boundary": [
          [
            5.224,
            -2.455
          ],
          [
            6.302,
            -4.505
          ],
          [
            6.78,
            -2.921
          ]
        ]
      },
      {
        "id": 24,
        "district": "",
        "boundary": [
          [
            5.224,
            -2.455
          ],
          [
            6.78,
            -2.921
          ],
          [
            6.953,
            -2.347
          ]
        ]
      }
    ],
    "lots": [
      {
        "id": 0,
        "block": 0,
        "occupant": "src/ui/components/table.tsx",
        "boundary": [
          [
            -7.143,
            3.039
          ],
          [
            -7.196,
            1.552
          ],
          [
            -4.676,
            1.76
          ],
          [
            -5.305,
            3.367
          ]
        ]
      },
      {
        "id": 1,
        "block": 0,
        "occupant": "src/ui/components/button.tsx",
        "boundary": [
          [
            -7.114,
            3.85
          ],
          [
            -7.143,
            3.039
          ],
          [
            -5.305,
            3.367
          ],
          [
            -5.922,
            4.943
          ]
        ]
      },
      {
        "id": 2,
        "block": 0,
        "occupant": null,
        "boundary": [
          [
            -4.676,
            1.76
          ],
          [
            -3.901,
            1.824
          ],
          [
            -2.214,
            3.913
          ],
          [
            -2.813,
            4.319
          ],
          [
            -5.26,
            3.253
          ]
        ]
      },
      {
        "id": 3,
        "block": 0,
        "occupant": null,
        "boundary": [
          [
            -2.813,
            4.319
          ],
          [
            -4.992,
            5.797
          ],
          [
            -5.922,
            4.943
          ],
          [
            -5.26,
            3.253
          ]
        ]
      },
      {
        "id": 4,
        "block": 1,
        "occupant": "src/ui/store.ts",
        "boundary": [
          [
            -7.139,
            -1.485
          ],
          [
            -7.095,
            -3.839
          ],
          [
            -5.377,
            -5.298
          ],
          [
            -4.175,
            -2.817
          ]
        ]
      },
      {
        "id": 5,
        "block": 1,
        "occupant": "src/ui/app.tsx",
        "boundary": [
          [
            -5.45,
            -2.244
          ],
          [
            -4.175,
            -2.817
          ],
          [
            -4.148,
            -2.761
          ],
          [
            -1.955,
            -1.367
          ],
          [
            -1.499,
            0.462
          ],
          [
            -3.901,
            1.824
          ],
          [
            -4.001,
            1.816
          ]
        ]
      },
      {
        "id": 6,
        "block": 1,
        "occupant": "src/ui/routes.ts",
        "boundary": [
          [
            -4.001,
            1.816
          ],
          [
            -7.196,
            1.552
          ],
          [
            -7.139,
            -1.485
          ],
          [
            -5.45,
            -2.244
          ]
        ]
      },
      {
        "id": 7,
        "block": 2,
        "occupant": "src/net/gateway.rs",
        "boundary": [
          [
            -5.377,
            -5.298
          ],
          [
            -4.707,
            -5.867
          ],
          [
            -0.577,
            -4.442
          ],
          [
            -0.865,
            -2.954
          ],
          [
            -1.955,
            -1.367
          ],
          [
            -4.148,
            -2.761
          ]
        ]
      },
      {
        "id": 8,
        "block": 3,
        "occupant": "tests/net_test.rs",
        "boundary": [
          [
            -3.005,
            7.386
          ],
          [
            -4.992,
            5.797
          ],
          [
            -2.214,
            3.913
          ]
        ]
      },
      {
        "id": 9,
        "block": 4,
        "occupant": "src/utils/helpers.rs",
        "boundary": [
          [
            -4.707,
            -5.867
          ],
          [
            -3.153,
            -7.187
          ],
          [
            2.39,
            -6.623
          ],
          [
            -0.577,
            -4.442
          ]
        ]
      },
      {
        "id": 10,
        "block": 5,
        "occupant": "src/main.rs",
        "boundary": [
          [
            -2.214,
            3.913
          ],
          [
            -3.901,
            1.824
          ],
          [
            -1.499,
            0.462
          ],
          [
            0.435,
            2.36
          ],
          [
            -0.485,
            4.644
          ]
        ]
      },
      {
        "id": 11,
        "block": 6,
        "occupant": "tests/auth_test.rs",
        "boundary": [
          [
            -3.005,
            7.386
          ],
          [
            -2.214,
            3.913
          ],
          [
            -0.485,
            4.644
          ],
          [
            -0.852,
            7.27
          ]
        ]
      },
      {
        "id": 12,
        "block": 7,
        "occupant": "src/net/client.rs",
        "boundary": [
          [
            -1.499,
            0.462
          ],
          [
            -1.955,
            -1.367
          ],
          [
            0.475,
            -2.113
          ],
          [
            -0.495,
            -0.091
          ]
        ]
      },
      {
        "id": 13,
        "block": 8,
        "occupant": "src/net/server.rs",
        "boundary": [
          [
            -1.955,
            -1.367
          ],
          [
            -0.865,
            -2.954
          ],
          [
            0.475,
            -2.113
          ]
        ]
      },
      {
        "id": 14,
        "block": 9,
        "occupant": "src/auth/session.rs",
        "boundary": [
          [
            -1.499,
            0.462
          ],
          [
            -0.495,
            -0.091
          ],
          [
            3.265,
            0.271
          ],
          [
            1.379,
            1.484
          ]
        ]
      },
      {
        "id": 15,
        "block": 10,
        "occupant": "src/lib.rs",
        "boundary": [
          [
            0.435,
            2.36
          ],
          [
            -1.499,
            0.462
          ],
          [
            1.379,
            1.484
          ]
        ]
      },
      {
        "id": 16,
        "block": 11,
        "occupant": "docs/guide.md",
        "boundary": [
          [
            -0.852,
            7.27
          ],
          [
            -0.485,
            4.644
          ],
          [
            0.62,
            7.162
          ]
        ]
      },
      {
        "id": 17,
        "block": 12,
        "occupant": "src/café/módulo.rs",
        "boundary": [
          [
            -0.865,
            -2.954
          ],
          [
            -0.577,
            -4.442
          ],
          [
            0.475,
            -2.113
          ]
        ]
      },
      {
        "id": 18,
        "block": 13,
        "occupant": "src/café/naïve.rs",
        "boundary": [
          [
            0.475,
            -2.113
          ],
          [
            -0.577,
            -4.442
          ],
          [
            2.39,
            -6.623
          ],
          [
            3.111,
            -5.136
          ],
          [
            2.537,
            -3.015
          ]
        ]
      },
      {
        "id": 19,
        "block": 14,
        "occupant": null,
        "boundary": [
          [
            -0.485,
            4.644
          ],
          [
            0.435,
            2.36
          ],
          [
            1.379,
            1.484
          ],
          [
            3.265,
            0.271
          ],
          [
            4.211,
            3.257
          ],
          [
            1.49,
            4.677
          ]
        ]
      },
      {
        "id": 20,
        "block": 15,
        "occupant": "docs/日本語.md",
        "boundary": [
          [
            0.62,
            7.162
          ],
          [
            -0.485,
            4.644
          ],
          [
            1.49,
            4.677
          ],
          [
            1.98,
            7.014
          ]
        ]
      },
      {
        "id": 21,
        "block": 16,
        "occupant": "src/auth/tokens.rs",
        "boundary": [
          [
            -0.495,
            -0.091
          ],
          [
            0.475,
            -2.113
          ],
          [
            3.265,
            0.271
          ]
        ]
      },
      {
        "id": 22,
        "block": 17,
        "occupant": "src/auth/providers/ldap.rs",
        "boundary": [
          [
            0.475,
            -2.113
          ],
          [
            2.537,
            -3.015
          ],
          [
            3.265,
            0.271
          ]
        ]
      },
      {
        "id": 23,
        "block": 18,
        "occupant": null,
        "boundary": [
          [
            1.98,
            7.014
          ],
          [
            1.49,
            4.677
          ],
          [
            4.211,
            3.257
          ],
          [
            6.203,
            4.658
          ],
          [
            4.157,
            6.363
          ]
        ]
      },
      {
        "id": 24,
        "block": 19,
        "occupant": "src/auth/providers/oauth/github.rs",
        "boundary": [
          [
            3.111,
            -5.136
          ],
          [
            2.39,
            -6.623
          ],
          [
            6.302,
            -4.505
          ],
          [
            5.224,
            -2.455
          ]
        ]
      },
      {
        "id": 25,
        "block": 20,
        "occupant": "src/auth/providers/oauth/google.rs",
        "boundary": [
          [
            3.265,
            0.271
          ],
          [
            2.537,
            -3.015
          ],
          [
            3.111,
            -5.136
          ],
          [
            5.224,
            -2.455
          ],
          [
            4.817,
            -0.989
          ]
        ]
      },
      {
        "id": 26,
        "block": 21,
        "occupant": "examples/basic.rs",
        "boundary": [
          [
            4.211,
            3.257
          ],
          [
            3.265,
            0.271
          ],
          [
            4.817,
            -0.989
          ],
          [
            7.624,
            -0.127
          ],
          [
            6.203,
            4.658
          ]
        ]
      },
      {
        "id": 27,
        "block": 22,
        "occupant": "README.md",
        "boundary": [
          [
            4.817,
            -0.989
          ],
          [
            5.224,
            -2.455
          ],
          [
            6.953,
            -2.347
          ],
          [
            7.624,
            -0.127
          ]
        ]
      },
      {
        "id": 28,
        "block": 24,
        "occupant": ".gitattributes",
        "boundary": [
          [
            5.224,
            -2.455
          ],
          [
            6.78,
            -2.921
          ],
          [
            6.953,
            -2.347
          ]
        ]
      }
    ],
    "buildings": [
      {
        "path": ".gitattributes",
        "lot": 28,
        "height": 1.163,
        "roof": "pitched",
        "rotation": 0.02,
        "footprint": [
          [
            6.072,
            -2.643
          ],
          [
            6.416,
            -2.746
          ],
          [
            6.392,
            -2.446
          ],
          [
            6.057,
            -2.467
          ]
        ]
      },
      {
        "path": "docs/guide.md",
        "lot": 16,
        "height": 2.681,
        "roof": "flat",
        "rotation": 0.062,
        "footprint": [
          [
            -0.652,
            6.296
          ],
          [
            -0.558,
            5.625
          ],
          [
            -0.184,
            5.488
          ],
          [
            0.257,
            6.492
          ],
          [
            -0.48,
            6.762
          ]
        ]
      },
      {
        "path": "docs/日本語.md",
        "lot": 20,
        "height": 27.676,
        "roof": "stepped",
        "rotation": 0.031,
        "footprint": [
          [
            0.339,
            6.363
          ],
          [
            0.038,
            5.677
          ],
          [
            0.935,
            5.316
          ],
          [
            1.215,
            6.011
          ]
        ]
      },
      {
        "path": "examples/basic.rs",
        "lot": 26,
        "height": 1.869,
        "roof": "pitched",
        "rotation": -0.032,
        "footprint": [
          [
            6.97,
            1.852
          ],
          [
            6.762,
            2.552
          ],
          [
            5.218,
            2.147
          ],
          [
            5.403,
            1.44
          ]
        ]
      },
      {
        "path": "README.md",
        "lot": 27,
        "height": 1.747,
        "roof": "stepped",
        "rotation": -0.064,
        "footprint": [
          [
            5.977,
            -1.554
          ],
          [
            6.839,
            -1.348
          ],
          [
            6.636,
            -0.497
          ],
          [
            5.788,
            -0.757
          ]
        ]
      },
      {
        "path": "src/auth/providers/ldap.rs",
        "lot": 22,
        "height": 2.453,
        "roof": "stepped",
        "rotation": -0.027,
        "footprint": [
          [
            2.048,
            -2.279
          ],
          [
            2.763,
            -1.7
          ],
          [
            2.881,
            -1.168
          ],
          [
            2.39,
            -0.561
          ],
          [
            1.366,
            -1.435
          ]
        ]
      },
      {
        "path": "src/auth/providers/oauth/github.rs",
        "lot": 24,
        "height": 2.417,
        "roof": "stepped",
        "rotation": 0.023,
        "footprint": [
          [
            3.651,
            -5.868
          ],
          [
            5.143,
            -5.06
          ],
          [
            4.438,
            -3.826
          ],
          [
            4.049,
            -4.048
          ],
          [
            3.216,
            -5.106
          ]
        ]
      },
      {
        "path": "src/auth/providers/oauth/google.rs",
        "lot": 25,
        "height": 23.713,
        "roof": "pitched",
        "rotation": -0.061,
        "footprint": [
          [
            3.806,
            -4.152
          ],
          [
            4.957,
            -2.691
          ],
          [
            4.065,
            -1.895
          ],
          [
            2.829,
            -3.28
          ]
        ]
      },
      {
        "path": "src/auth/session.rs",
        "lot": 14,
        "height": 36.443,
        "roof": "flat",
        "rotation": -0.069,
        "footprint": [
          [
            0.185,
            0.038
          ],
          [
            1.562,
            0.171
          ],
          [
            1.532,
            1.279
          ],
          [
            0.947,
            1.263
          ],
          [
            0.159,
            0.983
          ]
        ]
      },
      {
        "path": "src/auth/tokens.rs",
        "lot": 21,
        "height": 6.0,
        "roof": "stepped",
        "rotation": -0.069,
        "footprint": [
          [
            0.61,
            -1.06
          ],
          [
            1.642,
            -1.033
          ],
          [
            2.109,
            -0.633
          ],
          [
            2.089,
            0.094
          ],
          [
            0.583,
            -0.051
          ]
        ]
      },
      {
        "path": "src/café/módulo.rs",
        "lot": 17,
        "height": 11.646,
        "roof": "stepped",
        "rotation": -0.045,
        "footprint": [
          [
            -0.77,
            -3.11
          ],
          [
            -0.725,
            -3.343
          ],
          [
            -0.257,
            -3.58
          ],
          [
            0.035,
            -2.933
          ],
          [
            -0.378,
            -2.723
          ],
          [
            -0.666,
            -2.904
          ]
        ]
      },
      {
        "path": "src/café/naïve.rs",
        "lot": 18,
        "height": 2.223,
        "roof": "stepped",
        "rotation": 0.054,
        "footprint": [
          [
            0.503,
            -5.157
          ],
          [
            1.221,
            -5.685
          ],
          [
            1.91,
            -4.632
          ],
          [
            1.166,
            -4.144
          ]
        ]
      },
      {
        "path": "src/lib.rs",
        "lot": 15,
        "height": 6.0,
        "roof": "stepped",
        "rotation": 0.055,
        "footprint": [
          [
            0.193,
            2.034
          ],
          [
            -0.65,
            1.206
          ],
          [
            -0.513,
            0.88
          ],
          [
            0.523,
            1.247
          ]
        ]
      },
      {
        "path": "src/main.rs",
        "lot": 10,
        "height": 6.0,
        "roof": "stepped",
        "rotation": -0.041,
        "footprint": [
          [
            -3.197,
            1.498
          ],
          [
            -1.906,
            0.766
          ],
          [
            -1.369,
            1.629
          ],
          [
            -2.628,
            2.413
          ]
        ]
      },
      {
        "path": "src/net/client.rs",
        "lot": 12,
        "height": 2.38,
        "roof": "stepped",
        "rotation": 0.05,
        "footprint": [
          [
            -1.587,
            -1.414
          ],
          [
            0.061,
            -1.919
          ],
          [
            0.147,
            -1.577
          ],
          [
            -0.093,
            -1.076
          ],
          [
            -1.417,
            -0.741
          ]
        ]
      },
      {
        "path": "src/net/gateway.rs",
        "lot": 7,
        "height": 1.769,
        "roof": "flat",
        "rotation": 0.052,
        "footprint": [
          [
            -3.031,
            -5.221
          ],
          [
            -2.398,
            -5.003
          ],
          [
            -2.989,
            -3.542
          ],
          [
            -3.608,
            -3.793
          ]
        ]
      },
      {
        "path": "src/net/server.rs",
        "lot": 13,
        "height": 16.822,
        "roof": "stepped",
        "rotation": 0.06,
        "footprint": [
          [
            -1.283,
            -2.233
          ],
          [
            -1.16,
            -2.412
          ],
          [
            -0.483,
            -2.576
          ],
          [
            -0.327,
            -1.933
          ],
          [
            -1.149,
            -1.681
          ]
        ]
      },
      {
        "path": "src/ui/app.tsx",
        "lot": 5,
        "height": 52.408,
        "roof": "stepped",
        "rotation": -0.055,
        "footprint": [
          [
            -3.158,
            -0.572
          ],
          [
            -2.435,
            0.92
          ],
          [
            -3.915,
            1.759
          ],
          [
            -3.97,
            1.755
          ],
          [
            -3.97,
            1.754
          ],
          [
            -4.495,
            0.286
          ]
        ]
      },
      {
        "path": "src/ui/components/button.tsx",
        "lot": 1,
        "height": 2.194,
        "roof": "stepped",
        "rotation": -0.011,
        "footprint": [
          [
            -7.051,
            3.821
          ],
          [
            -7.066,
            3.413
          ],
          [
            -6.821,
            3.14
          ],
          [
            -6.801,
            3.143
          ],
          [
            -5.663,
            4.164
          ],
          [
            -5.701,
            4.26
          ],
          [
            -6.095,
            4.699
          ]
        ]
      },
      {
        "path": "src/ui/components/table.tsx",
        "lot": 0,
        "height": 3.119,
        "roof": "flat",
        "rotation": 0.041,
        "footprint": [
          [
            -7.095,
            2.593
          ],
          [
            -7.13,
            1.621
          ],
          [
            -4.752,
            1.817
          ],
          [
            -4.752,
            1.818
          ],
          [
            -5.15,
            2.834
          ]
        ]
      },
      {
        "path": "src/ui/routes.ts",
        "lot": 6,
        "height": 6.0,
        "roof": "stepped",
        "rotation": -0.011,
        "footprint": [
          [
            -4.753,
            1.69
          ],
          [
            -6.513,
            1.545
          ],
          [
            -6.437,
            0.48
          ],
          [
            -4.676,
            0.606
          ]
        ]
      },
      {
        "path": "src/ui/store.ts",
        "lot": 4,
        "height": 1.427,
        "roof": "flat",
        "rotation": 0.061,
        "footprint": [
          [
            -5.065,
            -4.508
          ],
          [
            -4.575,
            -3.497
          ],
          [
            -5.388,
            -3.162
          ],
          [
            -5.815,
            -4.2
          ]
        ]
      },
      {
        "path": "src/utils/helpers.rs",
        "lot": 9,
        "height": 1.563,
        "roof": "pitched",
        "rotation": 0.0,
        "footprint": [
          [
            -1.372,
            -6.942
          ],
          [
            -0.851,
            -6.889
          ],
          [
            -1.064,
            -4.796
          ],
          [
            -1.553,
            -4.846
          ],
          [
            -1.584,
            -4.857
          ]
        ]
      },
      {
        "path": "tests/auth_test.rs",
        "lot": 11,
        "height": 2.162,
        "roof": "pitched",
        "rotation": 0.041,
        "footprint": [
          [
            -2.707,
            6.363
          ],
          [
            -2.387,
            4.956
          ],
          [
            -1.31,
            5.248
          ],
          [
            -1.687,
            6.639
          ]
        ]
      },
      {
        "path": "tests/net_test.rs",
        "lot": 8,
        "height": 1.823,
        "roof": "stepped",
        "rotation": 0.024,
        "footprint": [
          [
            -3.894,
            6.06
          ],
          [
            -3.61,
            4.936
          ],
          [
            -3.383,
            4.782
          ],
          [
            -2.527,
            4.999
          ],
          [
            -2.83,
            6.33
          ]
        ]
      }
    ],
    "districts": [
      {
        "path": "",
        "centre": [
          6.548,
          -2.523
        ],
        "blocks": [
          22,
          23,
          24
        ],
        "boundary": [
          [
            5.696,
            -5.068
          ],
          [
            6.204,
            -4.829
          ],
          [
            7.102,
            -1.854
          ],
          [
            6.275,
            -1.378
          ]
        ]
      },
      {
        "path": "docs",
        "centre": [
          0.44,
          6.759
        ],
        "blocks": [
          11,
          15
        ],
        "boundary": [
          [
            1.465,
            7.096
          ],
          [
            -0.601,
            7.256
          ],
          [
            -1.073,
            7.282
          ],
          [
            -0.944,
            2.777
          ],
          [
            0.042,
            2.209
          ]
        ]
      },
      {
        "path": "examples",
        "centre": [
          6.011,
          0.807
        ],
        "blocks": [
          21
        ],
        "boundary": [
          [
            7.102,
            -1.854
          ],
          [
            7.662,
            0.0
          ],
          [
            6.16,
            4.794
          ],
          [
            5.601,
            5.232
          ],
          [
            2.114,
            1.017
          ]
        ]
      },
      {
        "path": "src",
        "centre": [
          -0.208,
          1.788
        ],
        "blocks": [
          5,
          10
        ],
        "boundary": [
          [
            0.764,
            1.794
          ],
          [
            -0.628,
            2.595
          ],
          [
            -1.126,
            0.809
          ],
          [
            -0.848,
            0.482
          ]
        ]
      },
      {
        "path": "src/auth",
        "centre": [
          0.397,
          0.014
        ],
        "blocks": [
          9,
          16
        ],
        "boundary": [
          [
            3.343,
            0.31
          ],
          [
            0.764,
            1.794
          ],
          [
            -0.848,
            0.482
          ],
          [
            0.318,
            -0.892
          ]
        ]
      },
      {
        "path": "src/auth/providers",
        "centre": [
          1.381,
          -1.833
        ],
        "blocks": [
          17
        ],
        "boundary": [
          [
            4.554,
            -0.387
          ],
          [
            3.343,
            0.31
          ],
          [
            0.318,
            -0.892
          ],
          [
            2.421,
            -3.368
          ]
        ]
      },
      {
        "path": "src/auth/providers/oauth",
        "centre": [
          4.755,
          -3.701
        ],
        "blocks": [
          19,
          20
        ],
        "boundary": [
          [
            4.388,
            -5.684
          ],
          [
            5.696,
            -5.068
          ],
          [
            6.275,
            -1.378
          ],
          [
            4.554,
            -0.387
          ],
          [
            2.421,
            -3.368
          ]
        ]
      },
      {
        "path": "src/café",
        "centre": [
          0.529,
          -3.51
        ],
        "blocks": [
          12,
          13
        ],
        "boundary": [
          [
            4.267,
            -5.542
          ],
          [
            0.952,
            -1.638
          ],
          [
            -1.454,
            -3.933
          ]
        ]
      },
      {
        "path": "src/net",
        "centre": [
          -0.994,
          -2.067
        ],
        "blocks": [
          2,
          7,
          8
        ],
        "boundary": [
          [
            0.952,
            -1.638
          ],
          [
            -1.126,
            0.809
          ],
          [
            -2.375,
            -3.674
          ],
          [
            -1.454,
            -3.933
          ]
        ]
      },
      {
        "path": "src/ui",
        "centre": [
          -4.393,
          -0.749
        ],
        "blocks": [
          1
        ],
        "boundary": [
          [
            -7.173,
            -0.359
          ],
          [
            -7.095,
            -3.839
          ],
          [
            -3.316,
            -7.049
          ],
          [
            -0.632,
            2.58
          ]
        ]
      },
      {
        "path": "src/ui/components",
        "centre": [
          -4.99,
          4.151
        ],
        "blocks": [
          0
        ],
        "boundary": [
          [
            -7.208,
            1.203
          ],
          [
            -7.173,
            -0.359
          ],
          [
            -0.632,
            2.58
          ],
          [
            -0.628,
            2.595
          ],
          [
            -5.454,
            5.373
          ],
          [
            -7.114,
            3.85
          ]
        ]
      },
      {
        "path": "src/utils",
        "centre": [
          -0.479,
          -5.835
        ],
        "blocks": [
          4
        ],
        "boundary": [
          [
            -3.316,
            -7.049
          ],
          [
            -3.153,
            -7.187
          ],
          [
            1.753,
            -6.923
          ],
          [
            4.388,
            -5.684
          ],
          [
            4.267,
            -5.542
          ],
          [
            -2.375,
            -3.674
          ]
        ]
      },
      {
        "path": "tests",
        "centre": [
          -2.567,
          6.422
        ],
        "blocks": [
          3,
          6
        ],
        "boundary": [
          [
            -1.073,
            7.282
          ],
          [
            -3.246,
            7.399
          ],
          [
            -5.454,
            5.373
          ],
          [
            -0.944,
            2.777
          ]
        ]
      },
      {
        "path": "vendor/bignum",
        "centre": [
          1.197,
          2.861
        ],
        "blocks": [
          14
        ],
        "boundary": [
          [
            0.829,
            4.91
          ],
          [
            0.042,
            2.209
          ],
          [
            2.114,
            1.017
          ],
          [
            4.395,
            3.773
          ]
        ]
      },
      {
        "path": "vendor/leftpad",
        "centre": [
          2.812,
          5.956
        ],
        "blocks": [
          18
        ],
        "boundary": [
          [
            5.601,
            5.232
          ],
          [
            4.157,
            6.363
          ],
          [
            1.79,
            7.071
          ],
          [
            1.465,
            7.096
          ],
          [
            0.829,
            4.91
          ],
          [
            4.395,
            3.773
          ]
        ]
      }
    ],
    "streets": [
      {
        "from": "src/net",
        "to": "src/auth",
        "edges": 1,
        "polyline": [
          [
            -0.865,
            -2.954
          ],
          [
            0.475,
            -2.113
          ],
          [
            -0.495,
            -0.091
          ]
        ]
      },
      {
        "from": "src/net",
        "to": "src/utils",
        "edges": 1,
        "polyline": [
          [
            -0.865,
            -2.954
          ],
          [
            -0.577,
            -4.442
          ]
        ]
      },
      {
        "from": "src/ui",
        "to": "src/ui/components",
        "edges": 2,
        "polyline": [
          [
            -4.148,
            -2.761
          ],
          [
            -1.955,
            -1.367
          ],
          [
            -1.499,
            0.462
          ],
          [
            -3.901,
            1.824
          ],
          [
            -2.214,
            3.913
          ],
          [
            -4.992,
            5.797
          ]
        ]
      }
    ]
  },
  "terrain": {
    "seed": "0x91d51b0b7c25dbd8",
    "extent": 8.649,
    "octaves": 3,
    "relief": 1.297,
    "districts": 15,
    "digest": "0xea66a6ae53d1e47e"
  },
  "monuments": [
    {
      "path": "src/main.rs",
      "rank": 0,
      "entry": "main",
      "inbound": 0,
      "top_decile": false
    },
    {
      "path": "src/auth/tokens.rs",
      "rank": 1,
      "entry": null,
      "inbound": 1,
      "top_decile": true
    },
    {
      "path": "src/lib.rs",
      "rank": 2,
      "entry": "library-root",
      "inbound": 0,
      "top_decile": false
    },
    {
      "path": "src/net/server.rs",
      "rank": 3,
      "entry": "server",
      "inbound": 0,
      "top_decile": false
    },
    {
      "path": "src/ui/routes.ts",
      "rank": 4,
      "entry": "router",
      "inbound": 0,
      "top_decile": false
    },
    {
      "path": "src/ui/app.tsx",
      "rank": 5,
      "entry": "index",
      "inbound": 0,
      "top_decile": false
    }
  ],
  "industrial": [
    {
      "district": "vendor/bignum",
      "host": "vendor/bignum",
      "files": 1,
      "bytes": 33327,
      "boundary": [
        [
          0.829,
          4.91
        ],
        [
          0.042,
          2.209
        ],
        [
          2.114,
          1.017
        ],
        [
          4.395,
          3.773
        ]
      ]
    },
    {
      "district": "vendor/leftpad",
      "host": "vendor/leftpad",
      "files": 2,
      "bytes": 941,
      "boundary": [
        [
          5.601,
          5.232
        ],
        [
          4.157,
          6.363
        ],
        [
          1.79,
          7.071
        ],
        [
          1.465,
          7.096
        ],
        [
          0.829,
          4.91
        ],
        [
          4.395,
          3.773
        ]
      ]
    }
  ],
  "vacancies": [],
  "host_of": [
    [
      "",
      ""
    ],
    [
      "docs",
      "docs"
    ],
    [
      "examples",
      "examples"
    ],
    [
      "src",
      "src"
    ],
    [
      "src/auth",
      "src/auth"
    ],
    [
      "src/auth/providers",
      "src/auth/providers"
    ],
    [
      "src/auth/providers/oauth",
      "src/auth/providers/oauth"
    ],
    [
      "src/café",
      "src/café"
    ],
    [
      "src/net",
      "src/net"
    ],
    [
      "src/ui",
      "src/ui"
    ],
    [
      "src/ui/components",
      "src/ui/components"
    ],
    [
      "src/utils",
      "src/utils"
    ],
    [
      "tests",
      "tests"
    ],
    [
      "vendor/bignum",
      "vendor/bignum"
    ],
    [
      "vendor/leftpad",
      "vendor/leftpad"
    ]
  ],
  "overflow": [],
  "report": {
    "files": 28,
    "buildings": 25,
    "blocks": 25,
    "open_blocks": 0,
    "slivers": 0,
    "lots": 29,
    "empty_lots": 4,
    "massed": 3,
    "overflow": 0,
    "unbuilt": 0,
    "plots": 26,
    "road_nodes": 37,
    "road_segments": 61,
    "components": 1,
    "cycles": 25,
    "junctions": 32,
    "complex_junctions": 9,
    "dangling": 0,
    "crossings": 0,
    "districts": 15,
    "fragmented_districts": 0,
    "fragmented_subtrees": 0,
    "fragmented_packages": 0,
    "shared_faces": 0,
    "faceless_districts": 0,
    "presplit_districts": 0,
    "settled_nonadjacent": 0,
    "settled_on_fringe": 0,
    "relaxed_to_ancestor": 0,
    "relaxed_to_anywhere": 0,
    "detached_placements": 0,
    "unhoused": 0,
    "plots_off_face": 0,
    "empty_cells": 0,
    "age_gradient_x100": 296,
    "monuments": 6,
    "age_ramp": "calibrated",
    "history_days": 626,
    "old_town_files": 20,
    "core_files": 20,
    "age_equalisation_x100": 0
  }
}
